Archive member included to satisfy reference by file (symbol)

c:/program files (x86)/atmel/studio/7.0/toolchain/arm/arm-gnu-toolchain/bin/../lib/gcc/arm-none-eabi/6.2.1/thumb/v7e-m\libgcc.a(_arm_addsubdf3.o)
                              src/ASF/common/components/memory/eeprom/at30tse75x/at30tse75x.o (__aeabi_i2d)
c:/program files (x86)/atmel/studio/7.0/toolchain/arm/arm-gnu-toolchain/bin/../lib/gcc/arm-none-eabi/6.2.1/thumb/v7e-m\libgcc.a(_arm_muldivdf3.o)
                              src/ASF/common/components/memory/eeprom/at30tse75x/at30tse75x.o (__aeabi_dmul)
c:/program files (x86)/atmel/studio/7.0/toolchain/arm/arm-gnu-toolchain/bin/../lib/gcc/arm-none-eabi/6.2.1/thumb/v7e-m\libgcc.a(_aeabi_uldivmod.o)
                              src/xbee/xbee_cpu.o (__aeabi_uldivmod)
c:/program files (x86)/atmel/studio/7.0/toolchain/arm/arm-gnu-toolchain/bin/../lib/gcc/arm-none-eabi/6.2.1/thumb/v7e-m\libgcc.a(_udivmoddi4.o)
                              c:/program files (x86)/atmel/studio/7.0/toolchain/arm/arm-gnu-toolchain/bin/../lib/gcc/arm-none-eabi/6.2.1/thumb/v7e-m\libgcc.a(_aeabi_uldivmod.o) (__udivmoddi4)
c:/program files (x86)/atmel/studio/7.0/toolchain/arm/arm-gnu-toolchain/bin/../lib/gcc/arm-none-eabi/6.2.1/thumb/v7e-m\libgcc.a(_dvmd_tls.o)
                              c:/program files (x86)/atmel/studio/7.0/toolchain/arm/arm-gnu-toolchain/bin/../lib/gcc/arm-none-eabi/6.2.1/thumb/v7e-m\libgcc.a(_aeabi_uldivmod.o) (__aeabi_ldiv0)
c:/program files (x86)/atmel/studio/7.0/toolchain/arm/arm-gnu-toolchain/bin/../lib/gcc/arm-none-eabi/6.2.1/../../../../arm-none-eabi/lib/thumb/v7e-m\libc.a(lib_a-exit.o)
                              c:/program files (x86)/atmel/studio/7.0/toolchain/arm/arm-gnu-toolchain/bin/../lib/gcc/arm-none-eabi/6.2.1/../../../../arm-none-eabi/lib/thumb/v7e-m/crt0.o (exit)
c:/program files (x86)/atmel/studio/7.0/toolchain/arm/arm-gnu-toolchain/bin/../lib/gcc/arm-none-eabi/6.2.1/../../../../arm-none-eabi/lib/thumb/v7e-m\libc.a(lib_a-impure.o)
                              c:/program files (x86)/atmel/studio/7.0/toolchain/arm/arm-gnu-toolchain/bin/../lib/gcc/arm-none-eabi/6.2.1/../../../../arm-none-eabi/lib/thumb/v7e-m\libc.a(lib_a-exit.o) (_global_impure_ptr)
c:/program files (x86)/atmel/studio/7.0/toolchain/arm/arm-gnu-toolchain/bin/../lib/gcc/arm-none-eabi/6.2.1/../../../../arm-none-eabi/lib/thumb/v7e-m\libc.a(lib_a-init.o)
                              c:/program files (x86)/atmel/studio/7.0/toolchain/arm/arm-gnu-toolchain/bin/../lib/gcc/arm-none-eabi/6.2.1/../../../../arm-none-eabi/lib/thumb/v7e-m/crt0.o (__libc_init_array)
c:/program files (x86)/atmel/studio/7.0/toolchain/arm/arm-gnu-toolchain/bin/../lib/gcc/arm-none-eabi/6.2.1/../../../../arm-none-eabi/lib/thumb/v7e-m\libc.a(lib_a-iprintf.o)
                              src/ASF/sam/drivers/adc/adc.o (iprintf)
c:/program files (x86)/atmel/studio/7.0/toolchain/arm/arm-gnu-toolchain/bin/../lib/gcc/arm-none-eabi/6.2.1/../../../../arm-none-eabi/lib/thumb/v7e-m\libc.a(lib_a-memset.o)
                              c:/program files (x86)/atmel/studio/7.0/toolchain/arm/arm-gnu-toolchain/bin/../lib/gcc/arm-none-eabi/6.2.1/../../../../arm-none-eabi/lib/thumb/v7e-m/crt0.o (memset)
c:/program files (x86)/atmel/studio/7.0/toolchain/arm/arm-gnu-toolchain/bin/../lib/gcc/arm-none-eabi/6.2.1/../../../../arm-none-eabi/lib/thumb/v7e-m\libc.a(lib_a-puts.o)
                              src/ASF/sam/drivers/adc/adc.o (puts)
c:/program files (x86)/atmel/studio/7.0/toolchain/arm/arm-gnu-toolchain/bin/../lib/gcc/arm-none-eabi/6.2.1/../../../../arm-none-eabi/lib/thumb/v7e-m\libc.a(lib_a-strlen.o)
                              c:/program files (x86)/atmel/studio/7.0/toolchain/arm/arm-gnu-toolchain/bin/../lib/gcc/arm-none-eabi/6.2.1/../../../../arm-none-eabi/lib/thumb/v7e-m\libc.a(lib_a-puts.o) (strlen)
c:/program files (x86)/atmel/studio/7.0/toolchain/arm/arm-gnu-toolchain/bin/../lib/gcc/arm-none-eabi/6.2.1/../../../../arm-none-eabi/lib/thumb/v7e-m\libc.a(lib_a-vfiprintf.o)
                              c:/program files (x86)/atmel/studio/7.0/toolchain/arm/arm-gnu-toolchain/bin/../lib/gcc/arm-none-eabi/6.2.1/../../../../arm-none-eabi/lib/thumb/v7e-m\libc.a(lib_a-iprintf.o) (_vfiprintf_r)
c:/program files (x86)/atmel/studio/7.0/toolchain/arm/arm-gnu-toolchain/bin/../lib/gcc/arm-none-eabi/6.2.1/../../../../arm-none-eabi/lib/thumb/v7e-m\libc.a(lib_a-wsetup.o)
                              c:/program files (x86)/atmel/studio/7.0/toolchain/arm/arm-gnu-toolchain/bin/../lib/gcc/arm-none-eabi/6.2.1/../../../../arm-none-eabi/lib/thumb/v7e-m\libc.a(lib_a-vfiprintf.o) (__swsetup_r)
c:/program files (x86)/atmel/studio/7.0/toolchain/arm/arm-gnu-toolchain/bin/../lib/gcc/arm-none-eabi/6.2.1/../../../../arm-none-eabi/lib/thumb/v7e-m\libc.a(lib_a-__call_atexit.o)
                              c:/program files (x86)/atmel/studio/7.0/toolchain/arm/arm-gnu-toolchain/bin/../lib/gcc/arm-none-eabi/6.2.1/../../../../arm-none-eabi/lib/thumb/v7e-m\libc.a(lib_a-exit.o) (__call_exitprocs)
[...]
Memory Configuration

Name             Origin             Length             Attributes
rom              0x00400000         0x00200000         xr
ram              0x20000000         0x00028000         xrw
*default*        0x00000000         0xffffffff

Linker script and memory map

LOAD c:/program files (x86)/atmel/studio/7.0/toolchain/arm/arm-gnu-toolchain/bin/../lib/gcc/arm-none-eabi/6.2.1/thumb/v7e-m/crti.o
LOAD c:/program files (x86)/atmel/studio/7.0/toolchain/arm/arm-gnu-toolchain/bin/../lib/gcc/arm-none-eabi/6.2.1/thumb/v7e-m/crtbegin.o
LOAD c:/program files (x86)/atmel/studio/7.0/toolchain/arm/arm-gnu-toolchain/bin/../lib/gcc/arm-none-eabi/6.2.1/../../../../arm-none-eabi/lib/thumb/v7e-m/crt0.o
LOAD src/mac/mac.o
LOAD src/radio/radio.o
LOAD src/xbee/xbee.o
LOAD src/xbee/xbee_cpu.o
LOAD src/xbee/xbee_uart.o
LOAD src/ASF/common/components/display/ssd1306/font.o
LOAD src/ASF/common/components/display/ssd1306/ssd1306.o
LOAD src/ASF/common/components/memory/eeprom/at30tse75x/at30tse75x.o
LOAD src/ASF/common/components/memory/sd_mmc/sd_mmc.o
LOAD src/ASF/common/components/memory/sd_mmc/sd_mmc_mem.o
LOAD src/ASF/common/components/memory/sd_mmc/sd_mmc_spi.o
LOAD src/ASF/common/services/clock/sam4s/sysclk.o
LOAD src/ASF/common/services/delay/sam/cycle_counter.o
LOAD src/ASF/common/services/spi/sam_spi/spi_master.o
LOAD src/ASF/common/services/storage/ctrl_access/ctrl_access.o
LOAD src/ASF/common/utils/interrupt/interrupt_sam_nvic.o
LOAD src/ASF/sam/boards/sam4s_xplained_pro/init.o
LOAD src/ASF/sam/drivers/adc/adc.o
LOAD src/ASF/sam/drivers/adc/adc_sam3u.o
LOAD src/ASF/sam/drivers/gpbr/gpbr.o
LOAD src/ASF/sam/drivers/pio/pio.o
LOAD src/ASF/sam/drivers/pio/pio_handler.o
LOAD src/ASF/sam/drivers/pmc/pmc.o
LOAD src/ASF/sam/drivers/pmc/sleep.o
LOAD src/ASF/sam/drivers/rtc/rtc.o
LOAD src/ASF/sam/drivers/spi/spi.o
LOAD src/ASF/sam/drivers/twi/twi.o
LOAD src/ASF/sam/drivers/usart/usart.o
LOAD src/ASF/sam/drivers/wdt/wdt.o
LOAD src/ASF/sam/utils/cmsis/sam4s/source/templates/gcc/startup_sam4s.o
LOAD src/ASF/sam/utils/cmsis/sam4s/source/templates/system_sam4s.o
LOAD src/ASF/sam/utils/syscalls/gcc/syscalls.o
LOAD src/ASF/thirdparty/fatfs/fatfs-port-r0.09/diskio.o
LOAD src/ASF/thirdparty/fatfs/fatfs-port-r0.09/sam/fattime_rtc.o
LOAD src/ASF/thirdparty/fatfs/fatfs-r0.09/src/ff.o
LOAD src/ASF/thirdparty/fatfs/fatfs-r0.09/src/option/ccsbcs.o
LOAD src/main.o
START GROUP
LOAD ../src/ASF/thirdparty/CMSIS/Lib/GCC\libarm_cortexM4l_math.a
LOAD c:/program files (x86)/atmel/studio/7.0/toolchain/arm/arm-gnu-toolchain/bin/../lib/gcc/arm-none-eabi/6.2.1/../../../../arm-none-eabi/lib/thumb/v7e-m\libm.a
END GROUP
START GROUP
LOAD c:/program files (x86)/atmel/studio/7.0/toolchain/arm/arm-gnu-toolchain/bin/../lib/gcc/arm-none-eabi/6.2.1/thumb/v7e-m\libgcc.a
LOAD c:/program files (x86)/atmel/studio/7.0/toolchain/arm/arm-gnu-toolchain/bin/../lib/gcc/arm-none-eabi/6.2.1/../../../../arm-none-eabi/lib/thumb/v7e-m\libc.a
END GROUP
LOAD c:/program files (x86)/atmel/studio/7.0/toolchain/arm/arm-gnu-toolchain/bin/../lib/gcc/arm-none-eabi/6.2.1/thumb/v7e-m/crtend.o
LOAD c:/program files (x86)/atmel/studio/7.0/toolchain/arm/arm-gnu-toolchain/bin/../lib/gcc/arm-none-eabi/6.2.1/thumb/v7e-m/crtn.o
                0x00003000                __stack_size__ = DEFINED (__stack_size__)?__stack_size__:0x3000
                0x20027ffc                __ram_end__ = ((ORIGIN (ram) + LENGTH (ram)) - 0x4)

.text           0x00400000     0x14ac
                0x00400000                . = ALIGN (0x4)
                0x00400000                _sfixed = .
 *(.vectors .vectors.*)
 .vectors       0x00400000       0xcc src/ASF/sam/utils/cmsis/sam4s/source/templates/gcc/startup_sam4s.o
                0x00400000                exception_table
 *(.text .text.* .gnu.linkonce.t.*)
 .text          0x004000cc       0x6c c:/program files (x86)/atmel/studio/7.0/toolchain/arm/arm-gnu-toolchain/bin/../lib/gcc/arm-none-eabi/6.2.1/thumb/v7e-m/crtbegin.o
 .text.msg_received
                0x00400138       0x10 src/mac/mac.o
 .text.msg_response
                0x00400148       0x10 src/mac/mac.o
 .text.mac_init
                0x00400158       0x8c src/mac/mac.o
                0x00400158                mac_init
 .text.mac_send
                0x004001e4       0x10 src/mac/mac.o
                0x004001e4                mac_send
 .text.at_command_response
                0x004001f4       0x44 src/radio/radio.o
 .text.blocking_send_at_command
                0x00400238       0x20 src/radio/radio.o
 .text.radio_init
                0x00400258       0x24 src/radio/radio.o
                0x00400258                radio_init
 .text.radio_write_16bit_address
                0x0040027c       0x48 src/radio/radio.o
                0x0040027c                radio_write_16bit_address
 .text.radio_write_channel
                0x004002c4       0x3c src/radio/radio.o
                0x004002c4                radio_write_channel
 .text.radio_write_acks
                0x00400300       0x3c src/radio/radio.o
                0x00400300                radio_write_acks
 .text.radio_write_panid
                0x0040033c       0x48 src/radio/radio.o
                0x0040033c                radio_write_panid
 .text.radio_write_tx_power
                0x00400384       0x38 src/radio/radio.o
                0x00400384                radio_write_tx_power
 .text.radio_write_cca_threshold
                0x004003bc       0x3c src/radio/radio.o
                0x004003bc                radio_write_cca_threshold
 .text.radio_write_macminbe
                0x004003f8       0x38 src/radio/radio.o
                0x004003f8                radio_write_macminbe
 .text.data_received_callback
                0x00400430      0x104 src/xbee/xbee.o
 .text.xbee_register_msg_received_callback
                0x00400534        0xc src/xbee/xbee.o
                0x00400534                xbee_register_msg_received_callback
 .text.xbee_register_msg_responded_callback
                0x00400540        0xc src/xbee/xbee.o
                0x00400540                xbee_register_msg_responded_callback
 .text.xbee_register_at_command_responded_callback
                0x0040054c        0xc src/xbee/xbee.o
                0x0040054c                xbee_register_at_command_responded_callback
 .text.xbee_send_msg
                0x00400558       0xac src/xbee/xbee.o
                0x00400558                xbee_send_msg
 .text.xbee_send_at_command
                0x00400604       0x70 src/xbee/xbee.o
                0x00400604                xbee_send_at_command
 .text.xbee_init
                0x00400674       0xb0 src/xbee/xbee.o
                0x00400674                xbee_init
 .text.xbee_cpu_is_little_endian
                0x00400724        0x4 src/xbee/xbee_cpu.o
                0x00400724                xbee_cpu_is_little_endian
 .text.xbee_cpu_swap_endianness_16bit
                0x00400728        0x6 src/xbee/xbee_cpu.o
                0x00400728                xbee_cpu_swap_endianness_16bit
 *fill*         0x0040072e        0x2 
 .text.xbee_uart_enable_interrupt
                0x00400730       0x20 src/xbee/xbee_uart.o
                0x00400730                xbee_uart_enable_interrupt
 .text.xbee_uart_putc
                0x00400750       0x20 src/xbee/xbee_uart.o
                0x00400750                xbee_uart_putc
 .text.xbee_uart_getc
                0x00400770       0x30 src/xbee/xbee_uart.o
                0x00400770                xbee_uart_getc
 .text.xbee_uart_config_init
                0x004007a0       0x70 src/xbee/xbee_uart.o
                0x004007a0                xbee_uart_config_init
 .text.xbee_uart_register_callback
                0x00400810        0xc src/xbee/xbee_uart.o
                0x00400810                xbee_uart_register_callback
 .text.USART1_Handler
                0x0040081c       0x24 src/xbee/xbee_uart.o
                0x0040081c                USART1_Handler
 .text.sysclk_init
                0x00400840       0x64 src/ASF/common/services/clock/sam4s/sysclk.o
                0x00400840                sysclk_init
 .text.board_init
                0x004008a4      0x110 src/ASF/sam/boards/sam4s_xplained_pro/init.o
                0x004008a4                board_init
 .text.pio_set_peripheral
                0x004009b4       0x90 src/ASF/sam/drivers/pio/pio.o
                0x004009b4                pio_set_peripheral
 .text.pio_set_input
                0x00400a44       0x32 src/ASF/sam/drivers/pio/pio.o
                0x00400a44                pio_set_input
 .text.pio_set_output
                0x00400a76       0x26 src/ASF/sam/drivers/pio/pio.o
                0x00400a76                pio_set_output
 .text.pio_configure
                0x00400a9c       0x8c src/ASF/sam/drivers/pio/pio.o
                0x00400a9c                pio_configure
 .text.pio_get_interrupt_status
                0x00400b28        0x4 src/ASF/sam/drivers/pio/pio.o
                0x00400b28                pio_get_interrupt_status
 .text.pio_get_interrupt_mask
                0x00400b2c        0x4 src/ASF/sam/drivers/pio/pio.o
                0x00400b2c                pio_get_interrupt_mask
 .text.pio_configure_pin
                0x00400b30      0x120 src/ASF/sam/drivers/pio/pio.o
                0x00400b30                pio_configure_pin
 .text.pio_configure_pin_group
                0x00400c50       0xd8 src/ASF/sam/drivers/pio/pio.o
                0x00400c50                pio_configure_pin_group
 .text.pio_handler_process
                0x00400d28       0x68 src/ASF/sam/drivers/pio/pio_handler.o
                0x00400d28                pio_handler_process
 .text.PIOA_Handler
                0x00400d90       0x14 src/ASF/sam/drivers/pio/pio_handler.o
                0x00400d90                PIOA_Handler
 .text.PIOB_Handler
                0x00400da4       0x14 src/ASF/sam/drivers/pio/pio_handler.o
                0x00400da4                PIOB_Handler
 .text.PIOC_Handler
                0x00400db8       0x14 src/ASF/sam/drivers/pio/pio_handler.o
                0x00400db8                PIOC_Handler
 .text.pmc_switch_mck_to_pllack
                0x00400dcc       0x64 src/ASF/sam/drivers/pmc/pmc.o
                0x00400dcc                pmc_switch_mck_to_pllack
 .text.pmc_switch_mainck_to_xtal
                0x00400e30       0x54 src/ASF/sam/drivers/pmc/pmc.o
                0x00400e30                pmc_switch_mainck_to_xtal
 .text.pmc_osc_is_ready_mainck
                0x00400e84       0x10 src/ASF/sam/drivers/pmc/pmc.o
                0x00400e84                pmc_osc_is_ready_mainck
 .text.pmc_disable_pllack
                0x00400e94       0x10 src/ASF/sam/drivers/pmc/pmc.o
                0x00400e94                pmc_disable_pllack
 .text.pmc_is_locked_pllack
                0x00400ea4       0x10 src/ASF/sam/drivers/pmc/pmc.o
                0x00400ea4                pmc_is_locked_pllack
 .text.pmc_enable_periph_clk
                0x00400eb4       0x54 src/ASF/sam/drivers/pmc/pmc.o
                0x00400eb4                pmc_enable_periph_clk
 .text.usart_set_async_baudrate
                0x00400f08       0x58 src/ASF/sam/drivers/usart/usart.o
                0x00400f08                usart_set_async_baudrate
 .text.usart_reset
                0x00400f60       0x30 src/ASF/sam/drivers/usart/usart.o
                0x00400f60                usart_reset
 .text.usart_init_rs232
                0x00400f90       0x54 src/ASF/sam/drivers/usart/usart.o
                0x00400f90                usart_init_rs232
 .text.usart_enable_tx
                0x00400fe4        0x6 src/ASF/sam/drivers/usart/usart.o
                0x00400fe4                usart_enable_tx
 .text.usart_enable_rx
                0x00400fea        0x6 src/ASF/sam/drivers/usart/usart.o
                0x00400fea                usart_enable_rx
 .text.usart_enable_interrupt
                0x00400ff0        0x4 src/ASF/sam/drivers/usart/usart.o
                0x00400ff0                usart_enable_interrupt
 .text.usart_get_status
                0x00400ff4        0x4 src/ASF/sam/drivers/usart/usart.o
                0x00400ff4                usart_get_status
 .text.usart_write
                0x00400ff8       0x14 src/ASF/sam/drivers/usart/usart.o
                0x00400ff8                usart_write
 .text.usart_read
                0x0040100c       0x18 src/ASF/sam/drivers/usart/usart.o
                0x0040100c                usart_read
 .text.wdt_disable
                0x00401024        0x8 src/ASF/sam/drivers/wdt/wdt.o
                0x00401024                wdt_disable
 .text.Dummy_Handler
                0x0040102c        0x2 src/ASF/sam/utils/cmsis/sam4s/source/templates/gcc/startup_sam4s.o
                0x0040102c                DACC_Handler
                0x0040102c                DebugMon_Handler
                0x0040102c                HardFault_Handler
                0x0040102c                TC2_Handler
                0x0040102c                SPI_Handler
                0x0040102c                SysTick_Handler
                0x0040102c                TWI1_Handler
                0x0040102c                PendSV_Handler
                0x0040102c                NMI_Handler
                0x0040102c                ADC_Handler
                0x0040102c                CRCCU_Handler
                0x0040102c                USART0_Handler
                0x0040102c                RTT_Handler
                0x0040102c                EFC1_Handler
                0x0040102c                RTC_Handler
                0x0040102c                UsageFault_Handler
                0x0040102c                WDT_Handler
                0x0040102c                TC4_Handler
                0x0040102c                TC1_Handler
                0x0040102c                HSMCI_Handler
                0x0040102c                UART1_Handler
                0x0040102c                TC3_Handler
                0x0040102c                Dummy_Handler
                0x0040102c                TWI0_Handler
                0x0040102c                SSC_Handler
                0x0040102c                EFC0_Handler
                0x0040102c                ACC_Handler
                0x0040102c                PMC_Handler
                0x0040102c                PWM_Handler
                0x0040102c                MemManage_Handler
                0x0040102c                SUPC_Handler
                0x0040102c                SVC_Handler
                0x0040102c                UART0_Handler
                0x0040102c                UDP_Handler
                0x0040102c                BusFault_Handler
                0x0040102c                RSTC_Handler
                0x0040102c                TC0_Handler
                0x0040102c                TC5_Handler
 *fill*         0x0040102e        0x2 
 .text.Reset_Handler
                0x00401030       0xac src/ASF/sam/utils/cmsis/sam4s/source/templates/gcc/startup_sam4s.o
                0x00401030                Reset_Handler
 .text.SystemCoreClockUpdate
                0x004010dc      0x110 src/ASF/sam/utils/cmsis/sam4s/source/templates/system_sam4s.o
                0x004010dc                SystemCoreClockUpdate
 .text.system_init_flash
                0x004011ec       0x94 src/ASF/sam/utils/cmsis/sam4s/source/templates/system_sam4s.o
                0x004011ec                system_init_flash
 .text.msg_received
                0x00401280       0x28 src/main.o
                0x00401280                msg_received
 .text.ack_received
                0x004012a8        0x2 src/main.o
                0x004012a8                ack_received
 *fill*         0x004012aa        0x2 
 .text.main     0x004012ac       0x68 src/main.o
                0x004012ac                main
 .text.__libc_init_array
                0x00401314       0x50 c:/program files (x86)/atmel/studio/7.0/toolchain/arm/arm-gnu-toolchain/bin/../lib/gcc/arm-none-eabi/6.2.1/../../../../arm-none-eabi/lib/thumb/v7e-m\libc.a(lib_a-init.o)
                0x00401314                __libc_init_array
 .text.startup.register_fini
                0x00401364       0x14 c:/program files (x86)/atmel/studio/7.0/toolchain/arm/arm-gnu-toolchain/bin/../lib/gcc/arm-none-eabi/6.2.1/../../../../arm-none-eabi/lib/thumb/v7e-m\libc.a(lib_a-__call_atexit.o)
 .text.atexit   0x00401378        0xc c:/program files (x86)/atmel/studio/7.0/toolchain/arm/arm-gnu-toolchain/bin/../lib/gcc/arm-none-eabi/6.2.1/../../../../arm-none-eabi/lib/thumb/v7e-m\libc.a(lib_a-atexit.o)
                0x00401378                atexit
 .text.__libc_fini_array
                0x00401384       0x34 c:/program files (x86)/atmel/studio/7.0/toolchain/arm/arm-gnu-toolchain/bin/../lib/gcc/arm-none-eabi/6.2.1/../../../../arm-none-eabi/lib/thumb/v7e-m\libc.a(lib_a-fini.o)
                0x00401384                __libc_fini_array
 .text.__register_exitproc
                0x004013b8       0xa4 c:/program files (x86)/atmel/studio/7.0/toolchain/arm/arm-gnu-toolchain/bin/../lib/gcc/arm-none-eabi/6.2.1/../../../../arm-none-eabi/lib/thumb/v7e-m\libc.a(lib_a-__atexit.o)
                0x004013b8                __register_exitproc
 *(.glue_7t)
 .glue_7t       0x0040145c        0x0 linker stubs
 *(.glue_7)
 .glue_7        0x0040145c        0x0 linker stubs
 *(.rodata .rodata* .gnu.linkonce.r.*)
 .rodata.radio_read_16bit_address.str1.4
                0x0040145c        0x7 src/radio/radio.o
 *fill*         0x00401463        0x1 
 .rodata.radio_read_acks.str1.4
                0x00401464        0x3 src/radio/radio.o
 *fill*         0x00401467        0x1 
 .rodata.radio_read_cca_threshold.str1.4
                0x00401468        0x3 src/radio/radio.o
 *fill*         0x0040146b        0x1 
 .rodata.radio_read_channel.str1.4
                0x0040146c        0x3 src/radio/radio.o
 *fill*         0x0040146f        0x1 
 .rodata.radio_read_macminbe.str1.4
                0x00401470        0x3 src/radio/radio.o
 *fill*         0x00401473        0x1 
 .rodata.radio_read_panid.str1.4
                0x00401474        0x3 src/radio/radio.o
 *fill*         0x00401477        0x1 
 .rodata.radio_read_tx_power.str1.4
                0x00401478        0x3 src/radio/radio.o
 *fill*         0x0040147b        0x1 
 .rodata.radio_write_16bit_address.str1.4
                0x0040147c        0x3 src/radio/radio.o
 *fill*         0x0040147f        0x1 
 .rodata.xbee_init.str1.4
                0x00401480        0x4 src/xbee/xbee.o
                                  0x7 (size before relaxing)
 .rodata._global_impure_ptr
                0x00401484        0x4 c:/program files (x86)/atmel/studio/7.0/toolchain/arm/arm-gnu-toolchain/bin/../lib/gcc/arm-none-eabi/6.2.1/../../../../arm-none-eabi/lib/thumb/v7e-m\libc.a(lib_a-impure.o)
                0x00401484                _global_impure_ptr
 *(.ARM.extab* .gnu.linkonce.armextab.*)
                0x00401488                . = ALIGN (0x4)
 *(.init)
 .init          0x00401488        0x4 c:/program files (x86)/atmel/studio/7.0/toolchain/arm/arm-gnu-toolchain/bin/../lib/gcc/arm-none-eabi/6.2.1/thumb/v7e-m/crti.o
                0x00401488                _init
 .init          0x0040148c        0x8 c:/program files (x86)/atmel/studio/7.0/toolchain/arm/arm-gnu-toolchain/bin/../lib/gcc/arm-none-eabi/6.2.1/thumb/v7e-m/crtn.o
                0x00401494                . = ALIGN (0x4)
                0x00401494                __preinit_array_start = .
 *(.preinit_array)
                0x00401494                __preinit_array_end = .
                0x00401494                . = ALIGN (0x4)
                0x00401494                __init_array_start = .
 *(SORT(.init_array.*))
 .init_array.00000
                0x00401494        0x4 c:/program files (x86)/atmel/studio/7.0/toolchain/arm/arm-gnu-toolchain/bin/../lib/gcc/arm-none-eabi/6.2.1/../../../../arm-none-eabi/lib/thumb/v7e-m\libc.a(lib_a-__call_atexit.o)
 *(.init_array)
 .init_array    0x00401498        0x4 c:/program files (x86)/atmel/studio/7.0/toolchain/arm/arm-gnu-toolchain/bin/../lib/gcc/arm-none-eabi/6.2.1/thumb/v7e-m/crtbegin.o
                0x0040149c                __init_array_end = .
                0x0040149c                . = ALIGN (0x4)
 *crtbegin.o(.ctors)
 *(EXCLUDE_FILE(*crtend.o) .ctors)
 *(SORT(.ctors.*))
 *crtend.o(.ctors)
                0x0040149c                . = ALIGN (0x4)
 *(.fini)
 .fini          0x0040149c        0x4 c:/program files (x86)/atmel/studio/7.0/toolchain/arm/arm-gnu-toolchain/bin/../lib/gcc/arm-none-eabi/6.2.1/thumb/v7e-m/crti.o
                0x0040149c                _fini
 .fini          0x004014a0        0x8 c:/program files (x86)/atmel/studio/7.0/toolchain/arm/arm-gnu-toolchain/bin/../lib/gcc/arm-none-eabi/6.2.1/thumb/v7e-m/crtn.o
                0x004014a8                . = ALIGN (0x4)
                0x004014a8                __fini_array_start = .
 *(.fini_array)
 .fini_array    0x004014a8        0x4 c:/program files (x86)/atmel/studio/7.0/toolchain/arm/arm-gnu-toolchain/bin/../lib/gcc/arm-none-eabi/6.2.1/thumb/v7e-m/crtbegin.o
 *(SORT(.fini_array.*))
                0x004014ac                __fini_array_end = .
 *crtbegin.o(.dtors)
 *(EXCLUDE_FILE(*crtend.o) .dtors)
 *(SORT(.dtors.*))
 *crtend.o(.dtors)
                0x004014ac                . = ALIGN (0x4)
                0x004014ac                _efixed = .
                [!provide]                PROVIDE (__exidx_start, .)

.vfp11_veneer   0x004014ac        0x0
 .vfp11_veneer  0x004014ac        0x0 linker stubs

.v4_bx          0x004014ac        0x0
 .v4_bx         0x004014ac        0x0 linker stubs

.iplt           0x004014ac        0x0
 .iplt          0x004014ac        0x0 c:/program files (x86)/atmel/studio/7.0/toolchain/arm/arm-gnu-toolchain/bin/../lib/gcc/arm-none-eabi/6.2.1/thumb/v7e-m/crtbegin.o

.eh_frame       0x004014ac        0x0
 .eh_frame      0x004014ac        0x0 c:/program files (x86)/atmel/studio/7.0/toolchain/arm/arm-gnu-toolchain/bin/../lib/gcc/arm-none-eabi/6.2.1/thumb/v7e-m/crtbegin.o

.rel.dyn        0x004014ac        0x0
 .rel.iplt      0x004014ac        0x0 c:/program files (x86)/atmel/studio/7.0/toolchain/arm/arm-gnu-toolchain/bin/../lib/gcc/arm-none-eabi/6.2.1/thumb/v7e-m/crtbegin.o

.jcr            0x004014ac        0x0
 .jcr           0x004014ac        0x0 c:/program files (x86)/atmel/studio/7.0/toolchain/arm/arm-gnu-toolchain/bin/../lib/gcc/arm-none-eabi/6.2.1/thumb/v7e-m/crtbegin.o

.igot.plt       0x004014ac        0x0
 .igot.plt      0x004014ac        0x0 c:/program files (x86)/atmel/studio/7.0/toolchain/arm/arm-gnu-toolchain/bin/../lib/gcc/arm-none-eabi/6.2.1/thumb/v7e-m/crtbegin.o

.ARM.exidx
 *(.ARM.exidx* .gnu.linkonce.armexidx.*)
                [!provide]                PROVIDE (__exidx_end, .)
                0x004014ac                . = ALIGN (0x4)
                0x004014ac                _etext = .

.relocate       0x20000000      0x438 load address 0x004014ac
                0x20000000                . = ALIGN (0x4)
                0x20000000                _srelocate = .
 *(.ramfunc .ramfunc.*)
 .ramfunc       0x20000000        0xa src/ASF/common/services/delay/sam/cycle_counter.o
                0x20000000                portable_delay_cycles
 *(.data .data.*)
 *fill*         0x2000000a        0x2 
 .data.SystemCoreClock
                0x2000000c        0x4 src/ASF/sam/utils/cmsis/sam4s/source/templates/system_sam4s.o
                0x2000000c                SystemCoreClock
 .data.impure_data
                0x20000010      0x428 c:/program files (x86)/atmel/studio/7.0/toolchain/arm/arm-gnu-toolchain/bin/../lib/gcc/arm-none-eabi/6.2.1/../../../../arm-none-eabi/lib/thumb/v7e-m\libc.a(lib_a-impure.o)
                0x20000438                . = ALIGN (0x4)
                0x20000438                _erelocate = .

.bss            0x20000438       0xd0 load address 0x004018e4
                0x20000438                . = ALIGN (0x4)
                0x20000438                _sbss = .
                0x20000438                _szero = .
 *(.bss .bss.*)
 .bss           0x20000438       0x1c c:/program files (x86)/atmel/studio/7.0/toolchain/arm/arm-gnu-toolchain/bin/../lib/gcc/arm-none-eabi/6.2.1/thumb/v7e-m/crtbegin.o
 .bss.app_ack_received_callback
                0x20000454        0x4 src/mac/mac.o
 .bss.app_msg_received_callback
                0x20000458        0x4 src/mac/mac.o
 .bss.response  0x2000045c        0xa src/radio/radio.o
 .bss.waiting_for_response
                0x20000466        0x1 src/radio/radio.o
 *fill*         0x20000467        0x1 
 .bss.app_at_cmd_response_callback
                0x20000468        0x4 src/xbee/xbee.o
 .bss.app_msg_received_callback
                0x2000046c        0x4 src/xbee/xbee.o
 .bss.app_msg_reponse_callback
                0x20000470        0x4 src/xbee/xbee.o
 .bss.data_received_callback
                0x20000474        0x4 src/xbee/xbee_uart.o
 .bss.gs_interrupt_sources
                0x20000478       0x70 src/ASF/sam/drivers/pio/pio_handler.o
 .bss.pio_capture_handler
                0x200004e8        0x4 src/ASF/sam/drivers/pio/pio_handler.o
 .bss.ul_reg_val.7482
                0x200004ec        0x4 src/ASF/sam/drivers/usart/usart.o
 .bss.led_state
                0x200004f0        0x1 src/main.o
 *(COMMON)
 *fill*         0x200004f1        0x3 
 COMMON         0x200004f4        0x4 src/ASF/sam/drivers/pio/pio.o
                0x200004f4                pio_capture_enable_flag
 COMMON         0x200004f8        0xe src/main.o
                0x200004f8                msg
                0x20000508                . = ALIGN (0x4)
 *fill*         0x20000506        0x2 
                0x20000508                _ebss = .
                0x20000508                _ezero = .

.stack          0x20000508     0x3000 load address 0x004019b4
                0x20000508                . = ALIGN (0x8)
                0x20000508                _sstack = .
                0x20003508                . = (. + __stack_size__)
 *fill*         0x20000508     0x3000 
                0x20003508                . = ALIGN (0x8)
                0x20003508                _estack = .
                0x20003508                . = ALIGN (0x4)
                0x20003508                _end = .
OUTPUT(Xbee-Mac-New.elf elf32-littlearm)

.ARM.attributes
                0x00000000       0x2a
 .ARM.attributes
                0x00000000       0x1e c:/program files (x86)/atmel/studio/7.0/toolchain/arm/arm-gnu-toolchain/bin/../lib/gcc/arm-none-eabi/6.2.1/thumb/v7e-m/crti.o
 .ARM.attributes
                0x0000001e       0x2e c:/program files (x86)/atmel/studio/7.0/toolchain/arm/arm-gnu-toolchain/bin/../lib/gcc/arm-none-eabi/6.2.1/thumb/v7e-m/crtbegin.o
 .ARM.attributes
                0x0000004c       0x33 src/mac/mac.o
 .ARM.attributes
                0x0000007f       0x33 src/radio/radio.o
 .ARM.attributes
                0x000000b2       0x33 src/xbee/xbee.o
 .ARM.attributes
                0x000000e5       0x33 src/xbee/xbee_cpu.o
 .ARM.attributes
                0x00000118       0x33 src/xbee/xbee_uart.o
 .ARM.attributes
                0x0000014b       0x33 src/ASF/common/services/clock/sam4s/sysclk.o
 .ARM.attributes
                0x0000017e       0x33 src/ASF/common/services/delay/sam/cycle_counter.o
 .ARM.attributes
                0x000001b1       0x33 src/ASF/sam/boards/sam4s_xplained_pro/init.o
 .ARM.attributes
                0x000001e4       0x33 src/ASF/sam/drivers/pio/pio.o
 .ARM.attributes
                0x00000217       0x33 src/ASF/sam/drivers/pio/pio_handler.o
 .ARM.attributes
                0x0000024a       0x33 src/ASF/sam/drivers/pmc/pmc.o
 .ARM.attributes
                0x0000027d       0x33 src/ASF/sam/drivers/usart/usart.o
 .ARM.attributes
                0x000002b0       0x33 src/ASF/sam/drivers/wdt/wdt.o
 .ARM.attributes
                0x000002e3       0x33 src/ASF/sam/utils/cmsis/sam4s/source/templates/gcc/startup_sam4s.o
 .ARM.attributes
                0x00000316       0x33 src/ASF/sam/utils/cmsis/sam4s/source/templates/system_sam4s.o
 .ARM.attributes
                0x00000349       0x33 src/main.o
 .ARM.attributes
                0x0000037c       0x2e c:/program files (x86)/atmel/studio/7.0/toolchain/arm/arm-gnu-toolchain/bin/../lib/gcc/arm-none-eabi/6.2.1/../../../../arm-none-eabi/lib/thumb/v7e-m\libc.a(lib_a-impure.o)
 .ARM.attributes
                0x000003aa       0x2e c:/program files (x86)/atmel/studio/7.0/toolchain/arm/arm-gnu-toolchain/bin/../lib/gcc/arm-none-eabi/6.2.1/../../../../arm-none-eabi/lib/thumb/v7e-m\libc.a(lib_a-init.o)
 .ARM.attributes
                0x000003d8       0x2e c:/program files (x86)/atmel/studio/7.0/toolchain/arm/arm-gnu-toolchain/bin/../lib/gcc/arm-none-eabi/6.2.1/../../../../arm-none-eabi/lib/thumb/v7e-m\libc.a(lib_a-__call_atexit.o)
 .ARM.attributes
                0x00000406       0x2e c:/program files (x86)/atmel/studio/7.0/toolchain/arm/arm-gnu-toolchain/bin/../lib/gcc/arm-none-eabi/6.2.1/../../../../arm-none-eabi/lib/thumb/v7e-m\libc.a(lib_a-atexit.o)
 .ARM.attributes
                0x00000434       0x2e c:/program files (x86)/atmel/studio/7.0/toolchain/arm/arm-gnu-toolchain/bin/../lib/gcc/arm-none-eabi/6.2.1/../../../../arm-none-eabi/lib/thumb/v7e-m\libc.a(lib_a-fini.o)
 .ARM.attributes
                0x00000462       0x2e c:/program files (x86)/atmel/studio/7.0/toolchain/arm/arm-gnu-toolchain/bin/../lib/gcc/arm-none-eabi/6.2.1/../../../../arm-none-eabi/lib/thumb/v7e-m\libc.a(lib_a-__atexit.o)
 .ARM.attributes
                0x00000490       0x1e c:/program files (x86)/atmel/studio/7.0/toolchain/arm/arm-gnu-toolchain/bin/../lib/gcc/arm-none-eabi/6.2.1/thumb/v7e-m/crtn.o

.comment        0x00000000       0x59
 .comment       0x00000000       0x59 src/mac/mac.o
                                 0x5a (size before relaxing)
 .comment       0x00000059       0x5a src/radio/radio.o
 .comment       0x00000059       0x5a src/xbee/xbee.o
 .comment       0x00000059       0x5a src/xbee/xbee_cpu.o
 .comment       0x00000059       0x5a src/xbee/xbee_uart.o
 .comment       0x00000059       0x5a src/ASF/common/services/clock/sam4s/sysclk.o
 .comment       0x00000059       0x5a src/ASF/common/services/delay/sam/cycle_counter.o
 .comment       0x00000059       0x5a src/ASF/sam/boards/sam4s_xplained_pro/init.o
 .comment       0x00000059       0x5a src/ASF/sam/drivers/pio/pio.o
 .comment       0x00000059       0x5a src/ASF/sam/drivers/pio/pio_handler.o
 .comment       0x00000059       0x5a src/ASF/sam/drivers/pmc/pmc.o
 .comment       0x00000059       0x5a src/ASF/sam/drivers/usart/usart.o
 .comment       0x00000059       0x5a src/ASF/sam/drivers/wdt/wdt.o
 .comment       0x00000059       0x5a src/ASF/sam/utils/cmsis/sam4s/source/templates/gcc/startup_sam4s.o
 .comment       0x00000059       0x5a src/ASF/sam/utils/cmsis/sam4s/source/templates/system_sam4s.o
 .comment       0x00000059       0x5a src/main.o

.debug_info     0x00000000    0x1282b
 .debug_info    0x00000000      0x3a2 src/mac/mac.o
 .debug_info    0x000003a2      0x8e3 src/radio/radio.o
 .debug_info    0x00000c85     0x14cc src/xbee/xbee.o
 .debug_info    0x00002151     0x10f9 src/xbee/xbee_cpu.o
 .debug_info    0x0000324a     0x1dd2 src/xbee/xbee_uart.o
 .debug_info    0x0000501c     0x10ee src/ASF/common/services/clock/sam4s/sysclk.o
 .debug_info    0x0000610a      0xa39 src/ASF/common/services/delay/sam/cycle_counter.o
 .debug_info    0x00006b43     0x182a src/ASF/sam/boards/sam4s_xplained_pro/init.o
 .debug_info    0x0000836d     0x2211 src/ASF/sam/drivers/pio/pio.o
 .debug_info    0x0000a57e     0x18d6 src/ASF/sam/drivers/pio/pio_handler.o
 .debug_info    0x0000be54     0x1a11 src/ASF/sam/drivers/pmc/pmc.o
 .debug_info    0x0000d865     0x2054 src/ASF/sam/drivers/usart/usart.o
 .debug_info    0x0000f8b9      0xbd9 src/ASF/sam/drivers/wdt/wdt.o
 .debug_info    0x00010492      0x6eb src/ASF/sam/utils/cmsis/sam4s/source/templates/gcc/startup_sam4s.o
 .debug_info    0x00010b7d      0x458 src/ASF/sam/utils/cmsis/sam4s/source/templates/system_sam4s.o
 .debug_info    0x00010fd5     0x1856 src/main.o

.debug_abbrev   0x00000000     0x2ace
 .debug_abbrev  0x00000000      0x155 src/mac/mac.o
 .debug_abbrev  0x00000155      0x1f4 src/radio/radio.o
 .debug_abbrev  0x00000349      0x383 src/xbee/xbee.o
 .debug_abbrev  0x000006cc      0x289 src/xbee/xbee_cpu.o
 .debug_abbrev  0x00000955      0x35d src/xbee/xbee_uart.o
 .debug_abbrev  0x00000cb2      0x311 src/ASF/common/services/clock/sam4s/sysclk.o
 .debug_abbrev  0x00000fc3      0x1b3 src/ASF/common/services/delay/sam/cycle_counter.o
 .debug_abbrev  0x00001176      0x2fa src/ASF/sam/boards/sam4s_xplained_pro/init.o
 .debug_abbrev  0x00001470      0x3ff src/ASF/sam/drivers/pio/pio.o
 .debug_abbrev  0x0000186f      0x368 src/ASF/sam/drivers/pio/pio_handler.o
 .debug_abbrev  0x00001bd7      0x315 src/ASF/sam/drivers/pmc/pmc.o
 .debug_abbrev  0x00001eec      0x406 src/ASF/sam/drivers/usart/usart.o
 .debug_abbrev  0x000022f2      0x230 src/ASF/sam/drivers/wdt/wdt.o
 .debug_abbrev  0x00002522      0x17c src/ASF/sam/utils/cmsis/sam4s/source/templates/gcc/startup_sam4s.o
 .debug_abbrev  0x0000269e      0x102 src/ASF/sam/utils/cmsis/sam4s/source/templates/system_sam4s.o
 .debug_abbrev  0x000027a0      0x32e src/main.o

.debug_loc      0x00000000     0x43a5
 .debug_loc     0x00000000      0x140 src/mac/mac.o
 .debug_loc     0x00000140      0x60e src/radio/radio.o
 .debug_loc     0x0000074e      0x69a src/xbee/xbee.o
 .debug_loc     0x00000de8       0xce src/xbee/xbee_cpu.o
 .debug_loc     0x00000eb6      0x20c src/xbee/xbee_uart.o
 .debug_loc     0x000010c2      0x143 src/ASF/common/services/clock/sam4s/sysclk.o
 .debug_loc     0x00001205      0x21a src/ASF/sam/boards/sam4s_xplained_pro/init.o
 .debug_loc     0x0000141f      0xdef src/ASF/sam/drivers/pio/pio.o
 .debug_loc     0x0000220e      0x549 src/ASF/sam/drivers/pio/pio_handler.o
 .debug_loc     0x00002757      0xb91 src/ASF/sam/drivers/pmc/pmc.o
 .debug_loc     0x000032e8      0xe59 src/ASF/sam/drivers/usart/usart.o
 .debug_loc     0x00004141      0x145 src/ASF/sam/drivers/wdt/wdt.o
 .debug_loc     0x00004286       0xa1 src/ASF/sam/utils/cmsis/sam4s/source/templates/gcc/startup_sam4s.o
 .debug_loc     0x00004327       0x7e src/main.o

.debug_aranges  0x00000000      0x918
 .debug_aranges
                0x00000000       0x38 src/mac/mac.o
 .debug_aranges
                0x00000038       0xb0 src/radio/radio.o
 .debug_aranges
                0x000000e8       0x50 src/xbee/xbee.o
 .debug_aranges
                0x00000138       0x30 src/xbee/xbee_cpu.o
 .debug_aranges
                0x00000168       0x58 src/xbee/xbee_uart.o
 .debug_aranges
                0x000001c0       0x30 src/ASF/common/services/clock/sam4s/sysclk.o
 .debug_aranges
                0x000001f0       0x20 src/ASF/common/services/delay/sam/cycle_counter.o
 .debug_aranges
                0x00000210       0x20 src/ASF/sam/boards/sam4s_xplained_pro/init.o
 .debug_aranges
                0x00000230      0x1a8 src/ASF/sam/drivers/pio/pio.o
 .debug_aranges
                0x000003d8       0x58 src/ASF/sam/drivers/pio/pio_handler.o
 .debug_aranges
                0x00000430      0x208 src/ASF/sam/drivers/pmc/pmc.o
 .debug_aranges
                0x00000638      0x210 src/ASF/sam/drivers/usart/usart.o
 .debug_aranges
                0x00000848       0x48 src/ASF/sam/drivers/wdt/wdt.o
 .debug_aranges
                0x00000890       0x28 src/ASF/sam/utils/cmsis/sam4s/source/templates/gcc/startup_sam4s.o
 .debug_aranges
                0x000008b8       0x30 src/ASF/sam/utils/cmsis/sam4s/source/templates/system_sam4s.o
 .debug_aranges
                0x000008e8       0x30 src/main.o

.debug_ranges   0x00000000      0x8a8
 .debug_ranges  0x00000000       0x28 src/mac/mac.o
 .debug_ranges  0x00000028       0xe8 src/radio/radio.o
 .debug_ranges  0x00000110       0x58 src/xbee/xbee.o
 .debug_ranges  0x00000168       0x20 src/xbee/xbee_cpu.o
 .debug_ranges  0x00000188       0x48 src/xbee/xbee_uart.o
 .debug_ranges  0x000001d0       0x20 src/ASF/common/services/clock/sam4s/sysclk.o
 .debug_ranges  0x000001f0       0x10 src/ASF/common/services/delay/sam/cycle_counter.o
 .debug_ranges  0x00000200       0x10 src/ASF/sam/boards/sam4s_xplained_pro/init.o
 .debug_ranges  0x00000210      0x1b0 src/ASF/sam/drivers/pio/pio.o
 .debug_ranges  0x000003c0       0x60 src/ASF/sam/drivers/pio/pio_handler.o
 .debug_ranges  0x00000420      0x1f8 src/ASF/sam/drivers/pmc/pmc.o
 .debug_ranges  0x00000618      0x200 src/ASF/sam/drivers/usart/usart.o
 .debug_ranges  0x00000818       0x38 src/ASF/sam/drivers/wdt/wdt.o
 .debug_ranges  0x00000850       0x18 src/ASF/sam/utils/cmsis/sam4s/source/templates/gcc/startup_sam4s.o
 .debug_ranges  0x00000868       0x20 src/ASF/sam/utils/cmsis/sam4s/source/templates/system_sam4s.o
 .debug_ranges  0x00000888       0x20 src/main.o

.debug_macro    0x00000000    0x1481c
 .debug_macro   0x00000000       0x65 src/mac/mac.o
 .debug_macro   0x00000065      0x8ce src/mac/mac.o
 .debug_macro   0x00000933      0x34e src/mac/mac.o
 .debug_macro   0x00000c81       0x22 src/mac/mac.o
 .debug_macro   0x00000ca3       0x2e src/mac/mac.o
 .debug_macro   0x00000cd1       0x1c src/mac/mac.o
 .debug_macro   0x00000ced       0x10 src/mac/mac.o
 .debug_macro   0x00000cfd       0x34 src/mac/mac.o
 .debug_macro   0x00000d31       0x6b src/radio/radio.o
 .debug_macro   0x00000d9c      0x219 src/xbee/xbee.o
 .debug_macro   0x00000fb5       0x22 src/xbee/xbee.o
 .debug_macro   0x00000fd7       0x4c src/xbee/xbee.o
 .debug_macro   0x00001023       0x8d src/xbee/xbee.o
 .debug_macro   0x000010b0       0x35 src/xbee/xbee.o
 .debug_macro   0x000010e5       0x9c src/xbee/xbee.o
 .debug_macro   0x00001181       0x16 src/xbee/xbee.o
 .debug_macro   0x00001197       0x57 src/xbee/xbee.o
 .debug_macro   0x000011ee       0x97 src/xbee/xbee.o
 .debug_macro   0x00001285      0x330 src/xbee/xbee.o
 .debug_macro   0x000015b5       0xf6 src/xbee/xbee.o
 .debug_macro   0x000016ab       0x10 src/xbee/xbee.o
 .debug_macro   0x000016bb       0x52 src/xbee/xbee.o
 .debug_macro   0x0000170d       0x1f src/xbee/xbee.o
 .debug_macro   0x0000172c       0x43 src/xbee/xbee.o
 .debug_macro   0x0000176f       0x20 src/xbee/xbee.o
 .debug_macro   0x0000178f      0x187 src/xbee/xbee.o
 .debug_macro   0x00001916       0x10 src/xbee/xbee.o
 .debug_macro   0x00001926       0x6a src/xbee/xbee.o
 .debug_macro   0x00001990       0x1c src/xbee/xbee.o
 .debug_macro   0x000019ac       0x52 src/xbee/xbee.o
 .debug_macro   0x000019fe       0x40 src/xbee/xbee.o
 .debug_macro   0x00001a3e       0x10 src/xbee/xbee.o
 .debug_macro   0x00001a4e       0x40 src/xbee/xbee.o
 .debug_macro   0x00001a8e       0xd7 src/xbee/xbee.o
 .debug_macro   0x00001b65       0x16 src/xbee/xbee.o
 .debug_macro   0x00001b7b      0x18b src/xbee/xbee.o
 .debug_macro   0x00001d06      0x74c src/xbee/xbee_cpu.o
 .debug_macro   0x00002452      0x16d src/xbee/xbee_cpu.o
 .debug_macro   0x000025bf      0x64b src/xbee/xbee_cpu.o
 .debug_macro   0x00002c0a       0x76 src/xbee/xbee_cpu.o
 .debug_macro   0x00002c80       0x16 src/xbee/xbee_cpu.o
 .debug_macro   0x00002c96      0x6e4 src/xbee/xbee_cpu.o
 .debug_macro   0x0000337a       0x87 src/xbee/xbee_cpu.o
 .debug_macro   0x00003401       0x51 src/xbee/xbee_cpu.o
 .debug_macro   0x00003452       0xef src/xbee/xbee_cpu.o
 .debug_macro   0x00003541      0x1df src/xbee/xbee_cpu.o
 .debug_macro   0x00003720       0x27 src/xbee/xbee_cpu.o
 .debug_macro   0x00003747       0x3b src/xbee/xbee_cpu.o
 .debug_macro   0x00003782       0x2d src/xbee/xbee_cpu.o
 .debug_macro   0x000037af       0x26 src/xbee/xbee_cpu.o
 .debug_macro   0x000037d5      0xbbf src/xbee/xbee_cpu.o
 .debug_macro   0x00004394      0x159 src/xbee/xbee_cpu.o
 .debug_macro   0x000044ed      0xaaf src/xbee/xbee_cpu.o
 .debug_macro   0x00004f9c      0x1b9 src/xbee/xbee_cpu.o
 .debug_macro   0x00005155      0x11e src/xbee/xbee_cpu.o
 .debug_macro   0x00005273       0xac src/xbee/xbee_cpu.o
 .debug_macro   0x0000531f      0x401 src/xbee/xbee_cpu.o
 .debug_macro   0x00005720      0x106 src/xbee/xbee_cpu.o
 .debug_macro   0x00005826       0x1c src/xbee/xbee_cpu.o
 .debug_macro   0x00005842      0x738 src/xbee/xbee_cpu.o
 .debug_macro   0x00005f7a      0x2d2 src/xbee/xbee_cpu.o
 .debug_macro   0x0000624c       0xbe src/xbee/xbee_cpu.o
 .debug_macro   0x0000630a     0x280b src/xbee/xbee_cpu.o
 .debug_macro   0x00008b15      0x777 src/xbee/xbee_cpu.o
 .debug_macro   0x0000928c      0xa8e src/xbee/xbee_cpu.o
 .debug_macro   0x00009d1a       0x9a src/xbee/xbee_cpu.o
 .debug_macro   0x00009db4      0x3d8 src/xbee/xbee_cpu.o
 .debug_macro   0x0000a18c       0x64 src/xbee/xbee_cpu.o
 .debug_macro   0x0000a1f0      0x1ae src/xbee/xbee_cpu.o
 .debug_macro   0x0000a39e      0x386 src/xbee/xbee_cpu.o
 .debug_macro   0x0000a724      0x624 src/xbee/xbee_cpu.o
 .debug_macro   0x0000ad48      0x690 src/xbee/xbee_cpu.o
 .debug_macro   0x0000b3d8      0x59f src/xbee/xbee_cpu.o
 .debug_macro   0x0000b977      0x34d src/xbee/xbee_cpu.o
 .debug_macro   0x0000bcc4      0x28c src/xbee/xbee_cpu.o
 .debug_macro   0x0000bf50      0x2d6 src/xbee/xbee_cpu.o
 .debug_macro   0x0000c226      0x6d9 src/xbee/xbee_cpu.o
 .debug_macro   0x0000c8ff       0x76 src/xbee/xbee_cpu.o
 .debug_macro   0x0000c975       0xb8 src/xbee/xbee_cpu.o
 .debug_macro   0x0000ca2d       0xb2 src/xbee/xbee_cpu.o
 .debug_macro   0x0000cadf       0x88 src/xbee/xbee_cpu.o
 .debug_macro   0x0000cb67      0x105 src/xbee/xbee_cpu.o
 .debug_macro   0x0000cc6c      0x105 src/xbee/xbee_cpu.o
 .debug_macro   0x0000cd71       0x88 src/xbee/xbee_cpu.o
 .debug_macro   0x0000cdf9       0x88 src/xbee/xbee_cpu.o
 .debug_macro   0x0000ce81      0x2cd src/xbee/xbee_cpu.o
 .debug_macro   0x0000d14e       0xb2 src/xbee/xbee_cpu.o
 .debug_macro   0x0000d200       0xb2 src/xbee/xbee_cpu.o
 .debug_macro   0x0000d2b2       0x52 src/xbee/xbee_cpu.o
 .debug_macro   0x0000d304       0xac src/xbee/xbee_cpu.o
 .debug_macro   0x0000d3b0       0x7c src/xbee/xbee_cpu.o
 .debug_macro   0x0000d42c       0x40 src/xbee/xbee_cpu.o
 .debug_macro   0x0000d46c       0x64 src/xbee/xbee_cpu.o
 .debug_macro   0x0000d4d0       0x46 src/xbee/xbee_cpu.o
 .debug_macro   0x0000d516       0x88 src/xbee/xbee_cpu.o
 .debug_macro   0x0000d59e       0x4c src/xbee/xbee_cpu.o
 .debug_macro   0x0000d5ea       0xa6 src/xbee/xbee_cpu.o
 .debug_macro   0x0000d690       0x7c src/xbee/xbee_cpu.o
 .debug_macro   0x0000d70c       0x16 src/xbee/xbee_cpu.o
 .debug_macro   0x0000d722       0x7c src/xbee/xbee_cpu.o
 .debug_macro   0x0000d79e       0x22 src/xbee/xbee_cpu.o
 .debug_macro   0x0000d7c0       0x22 src/xbee/xbee_cpu.o
 .debug_macro   0x0000d7e2      0x195 src/xbee/xbee_cpu.o
 .debug_macro   0x0000d977      0x165 src/xbee/xbee_cpu.o
 .debug_macro   0x0000dadc      0x165 src/xbee/xbee_cpu.o
 .debug_macro   0x0000dc41       0x1c src/xbee/xbee_cpu.o
 .debug_macro   0x0000dc5d       0x2e src/xbee/xbee_cpu.o
 .debug_macro   0x0000dc8b       0x22 src/xbee/xbee_cpu.o
 .debug_macro   0x0000dcad       0x1c src/xbee/xbee_cpu.o
 .debug_macro   0x0000dcc9       0x52 src/xbee/xbee_cpu.o
 .debug_macro   0x0000dd1b       0x10 src/xbee/xbee_cpu.o
 .debug_macro   0x0000dd2b      0x234 src/xbee/xbee_cpu.o
 .debug_macro   0x0000df5f      0x938 src/xbee/xbee_cpu.o
 .debug_macro   0x0000e897      0x12a src/xbee/xbee_cpu.o
 .debug_macro   0x0000e9c1       0x52 src/xbee/xbee_cpu.o
 .debug_macro   0x0000ea13       0x35 src/xbee/xbee_cpu.o
 .debug_macro   0x0000ea48       0x16 src/xbee/xbee_cpu.o
 .debug_macro   0x0000ea5e       0x16 src/xbee/xbee_cpu.o
 .debug_macro   0x0000ea74       0x29 src/xbee/xbee_cpu.o
 .debug_macro   0x0000ea9d       0x75 src/xbee/xbee_cpu.o
 .debug_macro   0x0000eb12       0x3f src/xbee/xbee_cpu.o
 .debug_macro   0x0000eb51      0x3ca src/xbee/xbee_cpu.o
 .debug_macro   0x0000ef1b       0x1c src/xbee/xbee_cpu.o
 .debug_macro   0x0000ef37       0x28 src/xbee/xbee_cpu.o
 .debug_macro   0x0000ef5f      0x2c6 src/xbee/xbee_cpu.o
 .debug_macro   0x0000f225       0x3a src/xbee/xbee_cpu.o
 .debug_macro   0x0000f25f      0x8de src/xbee/xbee_cpu.o
 .debug_macro   0x0000fb3d       0x58 src/xbee/xbee_cpu.o
 .debug_macro   0x0000fb95       0x64 src/xbee/xbee_cpu.o
 .debug_macro   0x0000fbf9       0x46 src/xbee/xbee_cpu.o
 .debug_macro   0x0000fc3f       0x90 src/xbee/xbee_cpu.o
 .debug_macro   0x0000fccf       0x28 src/xbee/xbee_cpu.o
 .debug_macro   0x0000fcf7       0x23 src/xbee/xbee_cpu.o
 .debug_macro   0x0000fd1a       0xe8 src/xbee/xbee_cpu.o
 .debug_macro   0x0000fe02       0x10 src/xbee/xbee_cpu.o
 .debug_macro   0x0000fe12       0x82 src/xbee/xbee_cpu.o
 .debug_macro   0x0000fe94       0x9b src/xbee/xbee_cpu.o
 .debug_macro   0x0000ff2f       0xe7 src/xbee/xbee_cpu.o
 .debug_macro   0x00010016       0x94 src/xbee/xbee_cpu.o
 .debug_macro   0x000100aa       0x40 src/xbee/xbee_cpu.o
 .debug_macro   0x000100ea       0x88 src/xbee/xbee_cpu.o
 .debug_macro   0x00010172      0x1c8 src/xbee/xbee_cpu.o
 .debug_macro   0x0001033a       0x4f src/xbee/xbee_cpu.o
 .debug_macro   0x00010389       0x22 src/xbee/xbee_cpu.o
 .debug_macro   0x000103ab       0x9a src/xbee/xbee_cpu.o
 .debug_macro   0x00010445       0x10 src/xbee/xbee_cpu.o
 .debug_macro   0x00010455       0x3a src/xbee/xbee_cpu.o
 .debug_macro   0x0001048f       0xf1 src/xbee/xbee_cpu.o
 .debug_macro   0x00010580       0x16 src/xbee/xbee_cpu.o
 .debug_macro   0x00010596       0x22 src/xbee/xbee_cpu.o
 .debug_macro   0x000105b8       0x34 src/xbee/xbee_cpu.o
 .debug_macro   0x000105ec       0x12 src/xbee/xbee_cpu.o
 .debug_macro   0x000105fe       0x4c src/xbee/xbee_cpu.o
 .debug_macro   0x0001064a       0x2e src/xbee/xbee_cpu.o
 .debug_macro   0x00010678       0x10 src/xbee/xbee_cpu.o
 .debug_macro   0x00010688      0x788 src/xbee/xbee_uart.o
 .debug_macro   0x00010e10      0x5a3 src/ASF/common/services/clock/sam4s/sysclk.o
 .debug_macro   0x000113b3      0x533 src/ASF/common/services/delay/sam/cycle_counter.o
 .debug_macro   0x000118e6       0x22 src/ASF/common/services/delay/sam/cycle_counter.o
 .debug_macro   0x00011908      0x5ea src/ASF/sam/boards/sam4s_xplained_pro/init.o
 .debug_macro   0x00011ef2      0x539 src/ASF/sam/drivers/pio/pio.o
 .debug_macro   0x0001242b       0x8e src/ASF/sam/drivers/pio/pio.o
 .debug_macro   0x000124b9      0x543 src/ASF/sam/drivers/pio/pio_handler.o
 .debug_macro   0x000129fc      0x539 src/ASF/sam/drivers/pmc/pmc.o
 .debug_macro   0x00012f35       0x52 src/ASF/sam/drivers/pmc/pmc.o
 .debug_macro   0x00012f87      0x569 src/ASF/sam/drivers/usart/usart.o
 .debug_macro   0x000134f0       0x28 src/ASF/sam/drivers/usart/usart.o
 .debug_macro   0x00013518      0x546 src/ASF/sam/drivers/wdt/wdt.o
 .debug_macro   0x00013a5e      0x325 src/ASF/sam/utils/cmsis/sam4s/source/templates/gcc/startup_sam4s.o
 .debug_macro   0x00013d83      0x32d src/ASF/sam/utils/cmsis/sam4s/source/templates/system_sam4s.o
 .debug_macro   0x000140b0      0x76c src/main.o

.debug_line     0x00000000     0xb6e2
 .debug_line    0x00000000      0x169 src/mac/mac.o
 .debug_line    0x00000169      0x2cb src/radio/radio.o
 .debug_line    0x00000434      0x4ed src/xbee/xbee.o
 .debug_line    0x00000921     0x1083 src/xbee/xbee_cpu.o
 .debug_line    0x000019a4     0x111f src/xbee/xbee_uart.o
 .debug_line    0x00002ac3      0xc08 src/ASF/common/services/clock/sam4s/sysclk.o
 .debug_line    0x000036cb      0xab6 src/ASF/common/services/delay/sam/cycle_counter.o
 .debug_line    0x00004181      0xd19 src/ASF/sam/boards/sam4s_xplained_pro/init.o
 .debug_line    0x00004e9a      0xf5f src/ASF/sam/drivers/pio/pio.o
 .debug_line    0x00005df9      0xb7a src/ASF/sam/drivers/pio/pio_handler.o
 .debug_line    0x00006973     0x1042 src/ASF/sam/drivers/pmc/pmc.o
 .debug_line    0x000079b5     0x102c src/ASF/sam/drivers/usart/usart.o
 .debug_line    0x000089e1      0xb02 src/ASF/sam/drivers/wdt/wdt.o
 .debug_line    0x000094e3      0x88b src/ASF/sam/utils/cmsis/sam4s/source/templates/gcc/startup_sam4s.o
 .debug_line    0x00009d6e      0x8bd src/ASF/sam/utils/cmsis/sam4s/source/templates/system_sam4s.o
 .debug_line    0x0000a62b     0x10b7 src/main.o

.debug_str      0x00000000    0x55206
 .debug_str     0x00000000     0x32f0 src/mac/mac.o
                               0x3499 (size before relaxing)
 .debug_str     0x000032f0      0x22e src/radio/radio.o
                               0x35ea (size before relaxing)
 .debug_str     0x0000351e     0x4618 src/xbee/xbee.o
                               0x7bcb (size before relaxing)
 .debug_str     0x00007b36    0x4ae16 src/xbee/xbee_cpu.o
                              0x525de (size before relaxing)
 .debug_str     0x0005294c      0x8f8 src/xbee/xbee_uart.o
                              0x52eea (size before relaxing)
 .debug_str     0x00053244      0x2da src/ASF/common/services/clock/sam4s/sysclk.o
                              0x4eb28 (size before relaxing)
 .debug_str     0x0005351e       0x35 src/ASF/common/services/delay/sam/cycle_counter.o
                              0x4a87a (size before relaxing)
 .debug_str     0x00053553      0x1e1 src/ASF/sam/boards/sam4s_xplained_pro/init.o
                              0x4f576 (size before relaxing)
 .debug_str     0x00053734      0x59a src/ASF/sam/drivers/pio/pio.o
                              0x4b31a (size before relaxing)
 .debug_str     0x00053cce      0x1b7 src/ASF/sam/drivers/pio/pio_handler.o
                              0x4b246 (size before relaxing)
 .debug_str     0x00053e85      0x63c src/ASF/sam/drivers/pmc/pmc.o
                              0x4b178 (size before relaxing)
 .debug_str     0x000544c1      0x730 src/ASF/sam/drivers/usart/usart.o
                              0x4b0ff (size before relaxing)
 .debug_str     0x00054bf1       0xdd src/ASF/sam/drivers/wdt/wdt.o
                              0x4a801 (size before relaxing)
 .debug_str     0x00054cce      0x435 src/ASF/sam/utils/cmsis/sam4s/source/templates/gcc/startup_sam4s.o
                              0x3b406 (size before relaxing)
 .debug_str     0x00055103       0xb9 src/ASF/sam/utils/cmsis/sam4s/source/templates/system_sam4s.o
                              0x3b198 (size before relaxing)
 .debug_str     0x000551bc       0x4a src/main.o
                              0x520d3 (size before relaxing)

.debug_frame    0x00000000     0x148c
 .debug_frame   0x00000000       0x74 src/mac/mac.o
 .debug_frame   0x00000074      0x21c src/radio/radio.o
 .debug_frame   0x00000290       0xd8 src/xbee/xbee.o
 .debug_frame   0x00000368       0x4c src/xbee/xbee_cpu.o
 .debug_frame   0x000003b4       0xe4 src/xbee/xbee_uart.o
 .debug_frame   0x00000498       0x58 src/ASF/common/services/clock/sam4s/sysclk.o
 .debug_frame   0x000004f0       0x20 src/ASF/common/services/delay/sam/cycle_counter.o
 .debug_frame   0x00000510       0x30 src/ASF/sam/boards/sam4s_xplained_pro/init.o
 .debug_frame   0x00000540      0x384 src/ASF/sam/drivers/pio/pio.o
 .debug_frame   0x000008c4       0xf4 src/ASF/sam/drivers/pio/pio_handler.o
 .debug_frame   0x000009b8      0x408 src/ASF/sam/drivers/pmc/pmc.o
 .debug_frame   0x00000dc0      0x48c src/ASF/sam/drivers/usart/usart.o
 .debug_frame   0x0000124c       0x7c src/ASF/sam/drivers/wdt/wdt.o
 .debug_frame   0x000012c8       0x38 src/ASF/sam/utils/cmsis/sam4s/source/templates/gcc/startup_sam4s.o
 .debug_frame   0x00001300       0x40 src/ASF/sam/utils/cmsis/sam4s/source/templates/system_sam4s.o
 .debug_frame   0x00001340       0x48 src/main.o
 .debug_frame   0x00001388       0x2c c:/program files (x86)/atmel/studio/7.0/toolchain/arm/arm-gnu-toolchain/bin/../lib/gcc/arm-none-eabi/6.2.1/../../../../arm-none-eabi/lib/thumb/v7e-m\libc.a(lib_a-init.o)
 .debug_frame   0x000013b4       0x50 c:/program files (x86)/atmel/studio/7.0/toolchain/arm/arm-gnu-toolchain/bin/../lib/gcc/arm-none-eabi/6.2.1/../../../../arm-none-eabi/lib/thumb/v7e-m\libc.a(lib_a-__call_atexit.o)
 .debug_frame   0x00001404       0x20 c:/program files (x86)/atmel/studio/7.0/toolchain/arm/arm-gnu-toolchain/bin/../lib/gcc/arm-none-eabi/6.2.1/../../../../arm-none-eabi/lib/thumb/v7e-m\libc.a(lib_a-atexit.o)
 .debug_frame   0x00001424       0x34 c:/program files (x86)/atmel/studio/7.0/toolchain/arm/arm-gnu-toolchain/bin/../lib/gcc/arm-none-eabi/6.2.1/../../../../arm-none-eabi/lib/thumb/v7e-m\libc.a(lib_a-fini.o)
 .debug_frame   0x00001458       0x34 c:/program files (x86)/atmel/studio/7.0/toolchain/arm/arm-gnu-toolchain/bin/../lib/gcc/arm-none-eabi/6.2.1/../../../../arm-none-eabi/lib/thumb/v7e-m\libc.a(lib_a-__atexit.o)

Cross Reference Table

Symbol                                            File
ACC_Handler                                       src/ASF/sam/utils/cmsis/sam4s/source/templates/gcc/startup_sam4s.o
ADC_Handler                                       src/ASF/sam/utils/cmsis/sam4s/source/templates/gcc/startup_sam4s.o
BusFault_Handler                                  src/ASF/sam/utils/cmsis/sam4s/source/templates/gcc/startup_sam4s.o
CRCCU_Handler                                     src/ASF/sam/utils/cmsis/sam4s/source/templates/gcc/startup_sam4s.o
DACC_Handler                                      src/ASF/sam/utils/cmsis/sam4s/source/templates/gcc/startup_sam4s.o
DebugMon_Handler                                  src/ASF/sam/utils/cmsis/sam4s/source/templates/gcc/startup_sam4s.o
Dummy_Handler                                     src/ASF/sam/utils/cmsis/sam4s/source/templates/gcc/startup_sam4s.o
EFC0_Handler                                      src/ASF/sam/utils/cmsis/sam4s/source/templates/gcc/startup_sam4s.o
EFC1_Handler                                      src/ASF/sam/utils/cmsis/sam4s/source/templates/gcc/startup_sam4s.o
Font08px_123                                      src/ASF/common/components/display/ssd1306/font.o
Font08px_124                                      src/ASF/common/components/display/ssd1306/font.o
Font08px_125                                      src/ASF/common/components/display/ssd1306/font.o
Font08px_126                                      src/ASF/common/components/display/ssd1306/font.o
Font08px_32                                       src/ASF/common/components/display/ssd1306/font.o
Font08px_33                                       src/ASF/common/components/display/ssd1306/font.o
Font08px_34                                       src/ASF/common/components/display/ssd1306/font.o
Font08px_35                                       src/ASF/common/components/display/ssd1306/font.o
Font08px_36                                       src/ASF/common/components/display/ssd1306/font.o
Font08px_37                                       src/ASF/common/components/display/ssd1306/font.o
Font08px_38                                       src/ASF/common/components/display/ssd1306/font.o
Font08px_39                                       src/ASF/common/components/display/ssd1306/font.o
Font08px_40                                       src/ASF/common/components/display/ssd1306/font.o
Font08px_41                                       src/ASF/common/components/display/ssd1306/font.o
Font08px_42                                       src/ASF/common/components/display/ssd1306/font.o
Font08px_43                                       src/ASF/common/components/display/ssd1306/font.o
Font08px_44                                       src/ASF/common/components/display/ssd1306/font.o
Font08px_45                                       src/ASF/common/components/display/ssd1306/font.o
Font08px_46                                       src/ASF/common/components/display/ssd1306/font.o
Font08px_47                                       src/ASF/common/components/display/ssd1306/font.o
Font08px_58                                       src/ASF/common/components/display/ssd1306/font.o
Font08px_59                                       src/ASF/common/components/display/ssd1306/font.o
Font08px_60                                       src/ASF/common/components/display/ssd1306/font.o
Font08px_61                                       src/ASF/common/components/display/ssd1306/font.o
Font08px_62                                       src/ASF/common/components/display/ssd1306/font.o
Font08px_63                                       src/ASF/common/components/display/ssd1306/font.o
Font08px_64                                       src/ASF/common/components/display/ssd1306/font.o
Font08px_91                                       src/ASF/common/components/display/ssd1306/font.o
Font08px_92                                       src/ASF/common/components/display/ssd1306/font.o
Font08px_93                                       src/ASF/common/components/display/ssd1306/font.o
Font08px_94                                       src/ASF/common/components/display/ssd1306/font.o
Font08px_95                                       src/ASF/common/components/display/ssd1306/font.o
Font08px_96                                       src/ASF/common/components/display/ssd1306/font.o
Font08px_N0                                       src/ASF/common/components/display/ssd1306/font.o
Font08px_N1                                       src/ASF/common/components/display/ssd1306/font.o
Font08px_N2                                       src/ASF/common/components/display/ssd1306/font.o
Font08px_N3                                       src/ASF/common/components/display/ssd1306/font.o
Font08px_N4                                       src/ASF/common/components/display/ssd1306/font.o
Font08px_N5                                       src/ASF/common/components/display/ssd1306/font.o
Font08px_N6                                       src/ASF/common/components/display/ssd1306/font.o
Font08px_N7                                       src/ASF/common/components/display/ssd1306/font.o
Font08px_N8                                       src/ASF/common/components/display/ssd1306/font.o
Font08px_N9                                       src/ASF/common/components/display/ssd1306/font.o
Font08px_UA                                       src/ASF/common/components/display/ssd1306/font.o
Font08px_UB                                       src/ASF/common/components/display/ssd1306/font.o
Font08px_UC                                       src/ASF/common/components/display/ssd1306/font.o
Font08px_UD                                       src/ASF/common/components/display/ssd1306/font.o
Font08px_UE                                       src/ASF/common/components/display/ssd1306/font.o
Font08px_UF                                       src/ASF/common/components/display/ssd1306/font.o
Font08px_UG                                       src/ASF/common/components/display/ssd1306/font.o
Font08px_UH                                       src/ASF/common/components/display/ssd1306/font.o
Font08px_UI                                       src/ASF/common/components/display/ssd1306/font.o
Font08px_UJ                                       src/ASF/common/components/display/ssd1306/font.o
Font08px_UK                                       src/ASF/common/components/display/ssd1306/font.o
Font08px_UL                                       src/ASF/common/components/display/ssd1306/font.o
Font08px_UM                                       src/ASF/common/components/display/ssd1306/font.o
Font08px_UN                                       src/ASF/common/components/display/ssd1306/font.o
Font08px_UO                                       src/ASF/common/components/display/ssd1306/font.o
Font08px_UP                                       src/ASF/common/components/display/ssd1306/font.o
Font08px_UQ                                       src/ASF/common/components/display/ssd1306/font.o
Font08px_UR                                       src/ASF/common/components/display/ssd1306/font.o
Font08px_US                                       src/ASF/common/components/display/ssd1306/font.o
Font08px_UT                                       src/ASF/common/components/display/ssd1306/font.o
Font08px_UU                                       src/ASF/common/components/display/ssd1306/font.o
Font08px_UV                                       src/ASF/common/components/display/ssd1306/font.o
Font08px_UW                                       src/ASF/common/components/display/ssd1306/font.o
Font08px_UX                                       src/ASF/common/components/display/ssd1306/font.o
Font08px_UY                                       src/ASF/common/components/display/ssd1306/font.o
Font08px_UZ                                       src/ASF/common/components/display/ssd1306/font.o
Font08px_la                                       src/ASF/common/components/display/ssd1306/font.o
Font08px_lb                                       src/ASF/common/components/display/ssd1306/font.o
Font08px_lc                                       src/ASF/common/components/display/ssd1306/font.o
Font08px_ld                                       src/ASF/common/components/display/ssd1306/font.o
Font08px_le                                       src/ASF/common/components/display/ssd1306/font.o
Font08px_lf                                       src/ASF/common/components/display/ssd1306/font.o
Font08px_lg                                       src/ASF/common/components/display/ssd1306/font.o
Font08px_lh                                       src/ASF/common/components/display/ssd1306/font.o
Font08px_li                                       src/ASF/common/components/display/ssd1306/font.o
Font08px_lj                                       src/ASF/common/components/display/ssd1306/font.o
Font08px_lk                                       src/ASF/common/components/display/ssd1306/font.o
Font08px_ll                                       src/ASF/common/components/display/ssd1306/font.o
Font08px_lm                                       src/ASF/common/components/display/ssd1306/font.o
Font08px_ln                                       src/ASF/common/components/display/ssd1306/font.o
Font08px_lo                                       src/ASF/common/components/display/ssd1306/font.o
Font08px_lp                                       src/ASF/common/components/display/ssd1306/font.o
Font08px_lq                                       src/ASF/common/components/display/ssd1306/font.o
Font08px_lr                                       src/ASF/common/components/display/ssd1306/font.o
Font08px_ls                                       src/ASF/common/components/display/ssd1306/font.o
Font08px_lt                                       src/ASF/common/components/display/ssd1306/font.o
Font08px_lu                                       src/ASF/common/components/display/ssd1306/font.o
Font08px_lv                                       src/ASF/common/components/display/ssd1306/font.o
Font08px_lw                                       src/ASF/common/components/display/ssd1306/font.o
Font08px_lx                                       src/ASF/common/components/display/ssd1306/font.o
Font08px_ly                                       src/ASF/common/components/display/ssd1306/font.o
Font08px_lz                                       src/ASF/common/components/display/ssd1306/font.o
HSMCI_Handler                                     src/ASF/sam/utils/cmsis/sam4s/source/templates/gcc/startup_sam4s.o
HardFault_Handler                                 src/ASF/sam/utils/cmsis/sam4s/source/templates/gcc/startup_sam4s.o
MemManage_Handler                                 src/ASF/sam/utils/cmsis/sam4s/source/templates/gcc/startup_sam4s.o
NMI_Handler                                       src/ASF/sam/utils/cmsis/sam4s/source/templates/gcc/startup_sam4s.o
PIOA_Handler                                      src/ASF/sam/drivers/pio/pio_handler.o
PIOB_Handler                                      src/ASF/sam/drivers/pio/pio_handler.o
PIOC_Handler                                      src/ASF/sam/drivers/pio/pio_handler.o
PMC_Handler                                       src/ASF/sam/utils/cmsis/sam4s/source/templates/gcc/startup_sam4s.o
PWM_Handler                                       src/ASF/sam/utils/cmsis/sam4s/source/templates/gcc/startup_sam4s.o
PendSV_Handler                                    src/ASF/sam/utils/cmsis/sam4s/source/templates/gcc/startup_sam4s.o
RSTC_Handler                                      src/ASF/sam/utils/cmsis/sam4s/source/templates/gcc/startup_sam4s.o
RTC_Handler                                       src/ASF/sam/utils/cmsis/sam4s/source/templates/gcc/startup_sam4s.o
RTT_Handler                                       src/ASF/sam/utils/cmsis/sam4s/source/templates/gcc/startup_sam4s.o
Reset_Handler                                     src/ASF/sam/utils/cmsis/sam4s/source/templates/gcc/startup_sam4s.o
SPI_Handler                                       src/ASF/sam/utils/cmsis/sam4s/source/templates/gcc/startup_sam4s.o
SSC_Handler                                       src/ASF/sam/utils/cmsis/sam4s/source/templates/gcc/startup_sam4s.o
SUPC_Handler                                      src/ASF/sam/utils/cmsis/sam4s/source/templates/gcc/startup_sam4s.o
SVC_Handler                                       src/ASF/sam/utils/cmsis/sam4s/source/templates/gcc/startup_sam4s.o
SysTick_Handler                                   src/ASF/sam/utils/cmsis/sam4s/source/templates/gcc/startup_sam4s.o
SystemCoreClock                                   src/ASF/sam/utils/cmsis/sam4s/source/templates/system_sam4s.o
SystemCoreClockUpdate                             src/ASF/sam/utils/cmsis/sam4s/source/templates/system_sam4s.o
                                                  src/ASF/common/services/clock/sam4s/sysclk.o
SystemInit                                        src/ASF/sam/utils/cmsis/sam4s/source/templates/system_sam4s.o
TC0_Handler                                       src/ASF/sam/utils/cmsis/sam4s/source/templates/gcc/startup_sam4s.o
TC1_Handler                                       src/ASF/sam/utils/cmsis/sam4s/source/templates/gcc/startup_sam4s.o
TC2_Handler                                       src/ASF/sam/utils/cmsis/sam4s/source/templates/gcc/startup_sam4s.o
TC3_Handler                                       src/ASF/sam/utils/cmsis/sam4s/source/templates/gcc/startup_sam4s.o
TC4_Handler                                       src/ASF/sam/utils/cmsis/sam4s/source/templates/gcc/startup_sam4s.o
TC5_Handler                                       src/ASF/sam/utils/cmsis/sam4s/source/templates/gcc/startup_sam4s.o
TWI0_Handler                                      src/ASF/sam/utils/cmsis/sam4s/source/templates/gcc/startup_sam4s.o
TWI1_Handler                                      src/ASF/sam/utils/cmsis/sam4s/source/templates/gcc/startup_sam4s.o
UART0_Handler                                     src/ASF/sam/utils/cmsis/sam4s/source/templates/gcc/startup_sam4s.o
UART1_Handler                                     src/ASF/sam/utils/cmsis/sam4s/source/templates/gcc/startup_sam4s.o
UDP_Handler                                       src/ASF/sam/utils/cmsis/sam4s/source/templates/gcc/startup_sam4s.o
USART0_Handler                                    src/ASF/sam/utils/cmsis/sam4s/source/templates/gcc/startup_sam4s.o
USART1_Handler                                    src/xbee/xbee_uart.o
UsageFault_Handler                                src/ASF/sam/utils/cmsis/sam4s/source/templates/gcc/startup_sam4s.o
WDT_Handler                                       src/ASF/sam/utils/cmsis/sam4s/source/templates/gcc/startup_sam4s.o
_Jv_RegisterClasses                               c:/program files (x86)/atmel/studio/7.0/toolchain/arm/arm-gnu-toolchain/bin/../lib/gcc/arm-none-eabi/6.2.1/thumb/v7e-m/crtbegin.o
_PathLocale                                       c:/program files (x86)/atmel/studio/7.0/toolchain/arm/arm-gnu-toolchain/bin/../lib/gcc/arm-none-eabi/6.2.1/../../../../arm-none-eabi/lib/thumb/v7e-m\libc.a(lib_a-locale.o)
__adddf3                                          c:/program files (x86)/atmel/studio/7.0/toolchain/arm/arm-gnu-toolchain/bin/../lib/gcc/arm-none-eabi/6.2.1/thumb/v7e-m\libgcc.a(_arm_addsubdf3.o)
__aeabi_dadd                                      c:/program files (x86)/atmel/studio/7.0/toolchain/arm/arm-gnu-toolchain/bin/../lib/gcc/arm-none-eabi/6.2.1/thumb/v7e-m\libgcc.a(_arm_addsubdf3.o)
__aeabi_ddiv                                      c:/program files (x86)/atmel/studio/7.0/toolchain/arm/arm-gnu-toolchain/bin/../lib/gcc/arm-none-eabi/6.2.1/thumb/v7e-m\libgcc.a(_arm_muldivdf3.o)
__aeabi_dmul                                      c:/program files (x86)/atmel/studio/7.0/toolchain/arm/arm-gnu-toolchain/bin/../lib/gcc/arm-none-eabi/6.2.1/thumb/v7e-m\libgcc.a(_arm_muldivdf3.o)
                                                  src/ASF/common/components/memory/eeprom/at30tse75x/at30tse75x.o
__aeabi_drsub                                     c:/program files (x86)/atmel/studio/7.0/toolchain/arm/arm-gnu-toolchain/bin/../lib/gcc/arm-none-eabi/6.2.1/thumb/v7e-m\libgcc.a(_arm_addsubdf3.o)
__aeabi_dsub                                      c:/program files (x86)/atmel/studio/7.0/toolchain/arm/arm-gnu-toolchain/bin/../lib/gcc/arm-none-eabi/6.2.1/thumb/v7e-m\libgcc.a(_arm_addsubdf3.o)
__aeabi_f2d                                       c:/program files (x86)/atmel/studio/7.0/toolchain/arm/arm-gnu-toolchain/bin/../lib/gcc/arm-none-eabi/6.2.1/thumb/v7e-m\libgcc.a(_arm_addsubdf3.o)
__aeabi_i2d                                       c:/program files (x86)/atmel/studio/7.0/toolchain/arm/arm-gnu-toolchain/bin/../lib/gcc/arm-none-eabi/6.2.1/thumb/v7e-m\libgcc.a(_arm_addsubdf3.o)
                                                  src/ASF/common/components/memory/eeprom/at30tse75x/at30tse75x.o
__aeabi_idiv0                                     c:/program files (x86)/atmel/studio/7.0/toolchain/arm/arm-gnu-toolchain/bin/../lib/gcc/arm-none-eabi/6.2.1/thumb/v7e-m\libgcc.a(_dvmd_tls.o)
__aeabi_l2d                                       c:/program files (x86)/atmel/studio/7.0/toolchain/arm/arm-gnu-toolchain/bin/../lib/gcc/arm-none-eabi/6.2.1/thumb/v7e-m\libgcc.a(_arm_addsubdf3.o)
__aeabi_ldiv0                                     c:/program files (x86)/atmel/studio/7.0/toolchain/arm/arm-gnu-toolchain/bin/../lib/gcc/arm-none-eabi/6.2.1/thumb/v7e-m\libgcc.a(_dvmd_tls.o)
                                                  c:/program files (x86)/atmel/studio/7.0/toolchain/arm/arm-gnu-toolchain/bin/../lib/gcc/arm-none-eabi/6.2.1/thumb/v7e-m\libgcc.a(_aeabi_uldivmod.o)
__aeabi_ui2d                                      c:/program files (x86)/atmel/studio/7.0/toolchain/arm/arm-gnu-toolchain/bin/../lib/gcc/arm-none-eabi/6.2.1/thumb/v7e-m\libgcc.a(_arm_addsubdf3.o)
__aeabi_ul2d                                      c:/program files (x86)/atmel/studio/7.0/toolchain/arm/arm-gnu-toolchain/bin/../lib/gcc/arm-none-eabi/6.2.1/thumb/v7e-m\libgcc.a(_arm_addsubdf3.o)
__aeabi_uldivmod                                  c:/program files (x86)/atmel/studio/7.0/toolchain/arm/arm-gnu-toolchain/bin/../lib/gcc/arm-none-eabi/6.2.1/thumb/v7e-m\libgcc.a(_aeabi_uldivmod.o)
                                                  c:/program files (x86)/atmel/studio/7.0/toolchain/arm/arm-gnu-toolchain/bin/../lib/gcc/arm-none-eabi/6.2.1/../../../../arm-none-eabi/lib/thumb/v7e-m\libc.a(lib_a-vfiprintf.o)
                                                  src/xbee/xbee_cpu.o
__ascii_mbtowc                                    c:/program files (x86)/atmel/studio/7.0/toolchain/arm/arm-gnu-toolchain/bin/../lib/gcc/arm-none-eabi/6.2.1/../../../../arm-none-eabi/lib/thumb/v7e-m\libc.a(lib_a-mbtowc_r.o)
                                                  c:/program files (x86)/atmel/studio/7.0/toolchain/arm/arm-gnu-toolchain/bin/../lib/gcc/arm-none-eabi/6.2.1/../../../../arm-none-eabi/lib/thumb/v7e-m\libc.a(lib_a-locale.o)
__ascii_wctomb                                    c:/program files (x86)/atmel/studio/7.0/toolchain/arm/arm-gnu-toolchain/bin/../lib/gcc/arm-none-eabi/6.2.1/../../../../arm-none-eabi/lib/thumb/v7e-m\libc.a(lib_a-wctomb_r.o)
                                                  c:/program files (x86)/atmel/studio/7.0/toolchain/arm/arm-gnu-toolchain/bin/../lib/gcc/arm-none-eabi/6.2.1/../../../../arm-none-eabi/lib/thumb/v7e-m\libc.a(lib_a-locale.o)
__bss_end__                                       c:/program files (x86)/atmel/studio/7.0/toolchain/arm/arm-gnu-toolchain/bin/../lib/gcc/arm-none-eabi/6.2.1/../../../../arm-none-eabi/lib/thumb/v7e-m/crt0.o
__bss_start__                                     c:/program files (x86)/atmel/studio/7.0/toolchain/arm/arm-gnu-toolchain/bin/../lib/gcc/arm-none-eabi/6.2.1/../../../../arm-none-eabi/lib/thumb/v7e-m/crt0.o
__call_exitprocs                                  c:/program files (x86)/atmel/studio/7.0/toolchain/arm/arm-gnu-toolchain/bin/../lib/gcc/arm-none-eabi/6.2.1/../../../../arm-none-eabi/lib/thumb/v7e-m\libc.a(lib_a-__call_atexit.o)
                                                  c:/program files (x86)/atmel/studio/7.0/toolchain/arm/arm-gnu-toolchain/bin/../lib/gcc/arm-none-eabi/6.2.1/../../../../arm-none-eabi/lib/thumb/v7e-m\libc.a(lib_a-exit.o)
__deregister_frame_info                           c:/program files (x86)/atmel/studio/7.0/toolchain/arm/arm-gnu-toolchain/bin/../lib/gcc/arm-none-eabi/6.2.1/thumb/v7e-m/crtbegin.o
__divdf3                                          c:/program files (x86)/atmel/studio/7.0/toolchain/arm/arm-gnu-toolchain/bin/../lib/gcc/arm-none-eabi/6.2.1/thumb/v7e-m\libgcc.a(_arm_muldivdf3.o)
__dso_handle                                      c:/program files (x86)/atmel/studio/7.0/toolchain/arm/arm-gnu-toolchain/bin/../lib/gcc/arm-none-eabi/6.2.1/thumb/v7e-m/crtbegin.o
__extendsfdf2                                     c:/program files (x86)/atmel/studio/7.0/toolchain/arm/arm-gnu-toolchain/bin/../lib/gcc/arm-none-eabi/6.2.1/thumb/v7e-m\libgcc.a(_arm_addsubdf3.o)
__fini_array_end                                  c:/program files (x86)/atmel/studio/7.0/toolchain/arm/arm-gnu-toolchain/bin/../lib/gcc/arm-none-eabi/6.2.1/../../../../arm-none-eabi/lib/thumb/v7e-m\libc.a(lib_a-fini.o)
__fini_array_start                                c:/program files (x86)/atmel/studio/7.0/toolchain/arm/arm-gnu-toolchain/bin/../lib/gcc/arm-none-eabi/6.2.1/../../../../arm-none-eabi/lib/thumb/v7e-m\libc.a(lib_a-fini.o)
__floatdidf                                       c:/program files (x86)/atmel/studio/7.0/toolchain/arm/arm-gnu-toolchain/bin/../lib/gcc/arm-none-eabi/6.2.1/thumb/v7e-m\libgcc.a(_arm_addsubdf3.o)
__floatsidf                                       c:/program files (x86)/atmel/studio/7.0/toolchain/arm/arm-gnu-toolchain/bin/../lib/gcc/arm-none-eabi/6.2.1/thumb/v7e-m\libgcc.a(_arm_addsubdf3.o)
__floatundidf                                     c:/program files (x86)/atmel/studio/7.0/toolchain/arm/arm-gnu-toolchain/bin/../lib/gcc/arm-none-eabi/6.2.1/thumb/v7e-m\libgcc.a(_arm_addsubdf3.o)
__floatunsidf                                     c:/program files (x86)/atmel/studio/7.0/toolchain/arm/arm-gnu-toolchain/bin/../lib/gcc/arm-none-eabi/6.2.1/thumb/v7e-m\libgcc.a(_arm_addsubdf3.o)
__fp_lock_all                                     c:/program files (x86)/atmel/studio/7.0/toolchain/arm/arm-gnu-toolchain/bin/../lib/gcc/arm-none-eabi/6.2.1/../../../../arm-none-eabi/lib/thumb/v7e-m\libc.a(lib_a-findfp.o)
__fp_unlock_all                                   c:/program files (x86)/atmel/studio/7.0/toolchain/arm/arm-gnu-toolchain/bin/../lib/gcc/arm-none-eabi/6.2.1/../../../../arm-none-eabi/lib/thumb/v7e-m\libc.a(lib_a-findfp.o)
__fputwc                                          c:/program files (x86)/atmel/studio/7.0/toolchain/arm/arm-gnu-toolchain/bin/../lib/gcc/arm-none-eabi/6.2.1/../../../../arm-none-eabi/lib/thumb/v7e-m\libc.a(lib_a-fputwc.o)
__global_locale                                   c:/program files (x86)/atmel/studio/7.0/toolchain/arm/arm-gnu-toolchain/bin/../lib/gcc/arm-none-eabi/6.2.1/../../../../arm-none-eabi/lib/thumb/v7e-m\libc.a(lib_a-locale.o)
                                                  c:/program files (x86)/atmel/studio/7.0/toolchain/arm/arm-gnu-toolchain/bin/../lib/gcc/arm-none-eabi/6.2.1/../../../../arm-none-eabi/lib/thumb/v7e-m\libc.a(lib_a-wctomb_r.o)
                                                  c:/program files (x86)/atmel/studio/7.0/toolchain/arm/arm-gnu-toolchain/bin/../lib/gcc/arm-none-eabi/6.2.1/../../../../arm-none-eabi/lib/thumb/v7e-m\libc.a(lib_a-wcrtomb.o)
                                                  c:/program files (x86)/atmel/studio/7.0/toolchain/arm/arm-gnu-toolchain/bin/../lib/gcc/arm-none-eabi/6.2.1/../../../../arm-none-eabi/lib/thumb/v7e-m\libc.a(lib_a-mbtowc_r.o)
__init_array_end                                  c:/program files (x86)/atmel/studio/7.0/toolchain/arm/arm-gnu-toolchain/bin/../lib/gcc/arm-none-eabi/6.2.1/../../../../arm-none-eabi/lib/thumb/v7e-m\libc.a(lib_a-init.o)
__init_array_start                                c:/program files (x86)/atmel/studio/7.0/toolchain/arm/arm-gnu-toolchain/bin/../lib/gcc/arm-none-eabi/6.2.1/../../../../arm-none-eabi/lib/thumb/v7e-m\libc.a(lib_a-init.o)
__libc_fini                                       c:/program files (x86)/atmel/studio/7.0/toolchain/arm/arm-gnu-toolchain/bin/../lib/gcc/arm-none-eabi/6.2.1/../../../../arm-none-eabi/lib/thumb/v7e-m\libc.a(lib_a-__call_atexit.o)
__libc_fini_array                                 c:/program files (x86)/atmel/studio/7.0/toolchain/arm/arm-gnu-toolchain/bin/../lib/gcc/arm-none-eabi/6.2.1/../../../../arm-none-eabi/lib/thumb/v7e-m\libc.a(lib_a-fini.o)
                                                  c:/program files (x86)/atmel/studio/7.0/toolchain/arm/arm-gnu-toolchain/bin/../lib/gcc/arm-none-eabi/6.2.1/../../../../arm-none-eabi/lib/thumb/v7e-m\libc.a(lib_a-__call_atexit.o)
                                                  c:/program files (x86)/atmel/studio/7.0/toolchain/arm/arm-gnu-toolchain/bin/../lib/gcc/arm-none-eabi/6.2.1/../../../../arm-none-eabi/lib/thumb/v7e-m/crt0.o
__libc_init_array                                 c:/program files (x86)/atmel/studio/7.0/toolchain/arm/arm-gnu-toolchain/bin/../lib/gcc/arm-none-eabi/6.2.1/../../../../arm-none-eabi/lib/thumb/v7e-m\libc.a(lib_a-init.o)
                                                  src/ASF/sam/utils/cmsis/sam4s/source/templates/gcc/startup_sam4s.o
                                                  c:/program files (x86)/atmel/studio/7.0/toolchain/arm/arm-gnu-toolchain/bin/../lib/gcc/arm-none-eabi/6.2.1/../../../../arm-none-eabi/lib/thumb/v7e-m/crt0.o
__locale_ctype_ptr                                c:/program files (x86)/atmel/studio/7.0/toolchain/arm/arm-gnu-toolchain/bin/../lib/gcc/arm-none-eabi/6.2.1/../../../../arm-none-eabi/lib/thumb/v7e-m\libc.a(lib_a-locale.o)
__locale_ctype_ptr_l                              c:/program files (x86)/atmel/studio/7.0/toolchain/arm/arm-gnu-toolchain/bin/../lib/gcc/arm-none-eabi/6.2.1/../../../../arm-none-eabi/lib/thumb/v7e-m\libc.a(lib_a-locale.o)
__locale_mb_cur_max                               c:/program files (x86)/atmel/studio/7.0/toolchain/arm/arm-gnu-toolchain/bin/../lib/gcc/arm-none-eabi/6.2.1/../../../../arm-none-eabi/lib/thumb/v7e-m\libc.a(lib_a-locale.o)
                                                  c:/program files (x86)/atmel/studio/7.0/toolchain/arm/arm-gnu-toolchain/bin/../lib/gcc/arm-none-eabi/6.2.1/../../../../arm-none-eabi/lib/thumb/v7e-m\libc.a(lib_a-fputwc.o)
__malloc_av_                                      c:/program files (x86)/atmel/studio/7.0/toolchain/arm/arm-gnu-toolchain/bin/../lib/gcc/arm-none-eabi/6.2.1/../../../../arm-none-eabi/lib/thumb/v7e-m\libc.a(lib_a-mallocr.o)
                                                  c:/program files (x86)/atmel/studio/7.0/toolchain/arm/arm-gnu-toolchain/bin/../lib/gcc/arm-none-eabi/6.2.1/../../../../arm-none-eabi/lib/thumb/v7e-m\libc.a(lib_a-reallocr.o)
                                                  c:/program files (x86)/atmel/studio/7.0/toolchain/arm/arm-gnu-toolchain/bin/../lib/gcc/arm-none-eabi/6.2.1/../../../../arm-none-eabi/lib/thumb/v7e-m\libc.a(lib_a-freer.o)
__malloc_current_mallinfo                         c:/program files (x86)/atmel/studio/7.0/toolchain/arm/arm-gnu-toolchain/bin/../lib/gcc/arm-none-eabi/6.2.1/../../../../arm-none-eabi/lib/thumb/v7e-m\libc.a(lib_a-mallocr.o)
                                                  c:/program files (x86)/atmel/studio/7.0/toolchain/arm/arm-gnu-toolchain/bin/../lib/gcc/arm-none-eabi/6.2.1/../../../../arm-none-eabi/lib/thumb/v7e-m\libc.a(lib_a-freer.o)
__malloc_lock                                     c:/program files (x86)/atmel/studio/7.0/toolchain/arm/arm-gnu-toolchain/bin/../lib/gcc/arm-none-eabi/6.2.1/../../../../arm-none-eabi/lib/thumb/v7e-m\libc.a(lib_a-mlock.o)
                                                  c:/program files (x86)/atmel/studio/7.0/toolchain/arm/arm-gnu-toolchain/bin/../lib/gcc/arm-none-eabi/6.2.1/../../../../arm-none-eabi/lib/thumb/v7e-m\libc.a(lib_a-reallocr.o)
                                                  c:/program files (x86)/atmel/studio/7.0/toolchain/arm/arm-gnu-toolchain/bin/../lib/gcc/arm-none-eabi/6.2.1/../../../../arm-none-eabi/lib/thumb/v7e-m\libc.a(lib_a-mallocr.o)
                                                  c:/program files (x86)/atmel/studio/7.0/toolchain/arm/arm-gnu-toolchain/bin/../lib/gcc/arm-none-eabi/6.2.1/../../../../arm-none-eabi/lib/thumb/v7e-m\libc.a(lib_a-freer.o)
__malloc_max_sbrked_mem                           c:/program files (x86)/atmel/studio/7.0/toolchain/arm/arm-gnu-toolchain/bin/../lib/gcc/arm-none-eabi/6.2.1/../../../../arm-none-eabi/lib/thumb/v7e-m\libc.a(lib_a-mallocr.o)
__malloc_max_total_mem                            c:/program files (x86)/atmel/studio/7.0/toolchain/arm/arm-gnu-toolchain/bin/../lib/gcc/arm-none-eabi/6.2.1/../../../../arm-none-eabi/lib/thumb/v7e-m\libc.a(lib_a-mallocr.o)
__malloc_sbrk_base                                c:/program files (x86)/atmel/studio/7.0/toolchain/arm/arm-gnu-toolchain/bin/../lib/gcc/arm-none-eabi/6.2.1/../../../../arm-none-eabi/lib/thumb/v7e-m\libc.a(lib_a-mallocr.o)
                                                  c:/program files (x86)/atmel/studio/7.0/toolchain/arm/arm-gnu-toolchain/bin/../lib/gcc/arm-none-eabi/6.2.1/../../../../arm-none-eabi/lib/thumb/v7e-m\libc.a(lib_a-freer.o)
__malloc_top_pad                                  c:/program files (x86)/atmel/studio/7.0/toolchain/arm/arm-gnu-toolchain/bin/../lib/gcc/arm-none-eabi/6.2.1/../../../../arm-none-eabi/lib/thumb/v7e-m\libc.a(lib_a-mallocr.o)
                                                  c:/program files (x86)/atmel/studio/7.0/toolchain/arm/arm-gnu-toolchain/bin/../lib/gcc/arm-none-eabi/6.2.1/../../../../arm-none-eabi/lib/thumb/v7e-m\libc.a(lib_a-freer.o)
__malloc_trim_threshold                           c:/program files (x86)/atmel/studio/7.0/toolchain/arm/arm-gnu-toolchain/bin/../lib/gcc/arm-none-eabi/6.2.1/../../../../arm-none-eabi/lib/thumb/v7e-m\libc.a(lib_a-mallocr.o)
                                                  c:/program files (x86)/atmel/studio/7.0/toolchain/arm/arm-gnu-toolchain/bin/../lib/gcc/arm-none-eabi/6.2.1/../../../../arm-none-eabi/lib/thumb/v7e-m\libc.a(lib_a-freer.o)
__malloc_unlock                                   c:/program files (x86)/atmel/studio/7.0/toolchain/arm/arm-gnu-toolchain/bin/../lib/gcc/arm-none-eabi/6.2.1/../../../../arm-none-eabi/lib/thumb/v7e-m\libc.a(lib_a-mlock.o)
                                                  c:/program files (x86)/atmel/studio/7.0/toolchain/arm/arm-gnu-toolchain/bin/../lib/gcc/arm-none-eabi/6.2.1/../../../../arm-none-eabi/lib/thumb/v7e-m\libc.a(lib_a-reallocr.o)
                                                  c:/program files (x86)/atmel/studio/7.0/toolchain/arm/arm-gnu-toolchain/bin/../lib/gcc/arm-none-eabi/6.2.1/../../../../arm-none-eabi/lib/thumb/v7e-m\libc.a(lib_a-mallocr.o)
                                                  c:/program files (x86)/atmel/studio/7.0/toolchain/arm/arm-gnu-toolchain/bin/../lib/gcc/arm-none-eabi/6.2.1/../../../../arm-none-eabi/lib/thumb/v7e-m\libc.a(lib_a-freer.o)
__muldf3                                          c:/program files (x86)/atmel/studio/7.0/toolchain/arm/arm-gnu-toolchain/bin/../lib/gcc/arm-none-eabi/6.2.1/thumb/v7e-m\libgcc.a(_arm_muldivdf3.o)
__preinit_array_end                               c:/program files (x86)/atmel/studio/7.0/toolchain/arm/arm-gnu-toolchain/bin/../lib/gcc/arm-none-eabi/6.2.1/../../../../arm-none-eabi/lib/thumb/v7e-m\libc.a(lib_a-init.o)
__preinit_array_start                             c:/program files (x86)/atmel/studio/7.0/toolchain/arm/arm-gnu-toolchain/bin/../lib/gcc/arm-none-eabi/6.2.1/../../../../arm-none-eabi/lib/thumb/v7e-m\libc.a(lib_a-init.o)
__ram_end__                                       src/ASF/sam/utils/syscalls/gcc/syscalls.o
__register_exitproc                               c:/program files (x86)/atmel/studio/7.0/toolchain/arm/arm-gnu-toolchain/bin/../lib/gcc/arm-none-eabi/6.2.1/../../../../arm-none-eabi/lib/thumb/v7e-m\libc.a(lib_a-__atexit.o)
                                                  c:/program files (x86)/atmel/studio/7.0/toolchain/arm/arm-gnu-toolchain/bin/../lib/gcc/arm-none-eabi/6.2.1/../../../../arm-none-eabi/lib/thumb/v7e-m\libc.a(lib_a-atexit.o)
__register_frame_info                             c:/program files (x86)/atmel/studio/7.0/toolchain/arm/arm-gnu-toolchain/bin/../lib/gcc/arm-none-eabi/6.2.1/thumb/v7e-m/crtbegin.o
__sclose                                          c:/program files (x86)/atmel/studio/7.0/toolchain/arm/arm-gnu-toolchain/bin/../lib/gcc/arm-none-eabi/6.2.1/../../../../arm-none-eabi/lib/thumb/v7e-m\libc.a(lib_a-stdio.o)
                                                  c:/program files (x86)/atmel/studio/7.0/toolchain/arm/arm-gnu-toolchain/bin/../lib/gcc/arm-none-eabi/6.2.1/../../../../arm-none-eabi/lib/thumb/v7e-m\libc.a(lib_a-findfp.o)
__seofread                                        c:/program files (x86)/atmel/studio/7.0/toolchain/arm/arm-gnu-toolchain/bin/../lib/gcc/arm-none-eabi/6.2.1/../../../../arm-none-eabi/lib/thumb/v7e-m\libc.a(lib_a-stdio.o)
__sflush_r                                        c:/program files (x86)/atmel/studio/7.0/toolchain/arm/arm-gnu-toolchain/bin/../lib/gcc/arm-none-eabi/6.2.1/../../../../arm-none-eabi/lib/thumb/v7e-m\libc.a(lib_a-fflush.o)
                                                  c:/program files (x86)/atmel/studio/7.0/toolchain/arm/arm-gnu-toolchain/bin/../lib/gcc/arm-none-eabi/6.2.1/../../../../arm-none-eabi/lib/thumb/v7e-m\libc.a(lib_a-fclose.o)
__sfmoreglue                                      c:/program files (x86)/atmel/studio/7.0/toolchain/arm/arm-gnu-toolchain/bin/../lib/gcc/arm-none-eabi/6.2.1/../../../../arm-none-eabi/lib/thumb/v7e-m\libc.a(lib_a-findfp.o)
__sfp                                             c:/program files (x86)/atmel/studio/7.0/toolchain/arm/arm-gnu-toolchain/bin/../lib/gcc/arm-none-eabi/6.2.1/../../../../arm-none-eabi/lib/thumb/v7e-m\libc.a(lib_a-findfp.o)
__sfp_lock_acquire                                c:/program files (x86)/atmel/studio/7.0/toolchain/arm/arm-gnu-toolchain/bin/../lib/gcc/arm-none-eabi/6.2.1/../../../../arm-none-eabi/lib/thumb/v7e-m\libc.a(lib_a-findfp.o)
                                                  c:/program files (x86)/atmel/studio/7.0/toolchain/arm/arm-gnu-toolchain/bin/../lib/gcc/arm-none-eabi/6.2.1/../../../../arm-none-eabi/lib/thumb/v7e-m\libc.a(lib_a-fclose.o)
__sfp_lock_release                                c:/program files (x86)/atmel/studio/7.0/toolchain/arm/arm-gnu-toolchain/bin/../lib/gcc/arm-none-eabi/6.2.1/../../../../arm-none-eabi/lib/thumb/v7e-m\libc.a(lib_a-findfp.o)
                                                  c:/program files (x86)/atmel/studio/7.0/toolchain/arm/arm-gnu-toolchain/bin/../lib/gcc/arm-none-eabi/6.2.1/../../../../arm-none-eabi/lib/thumb/v7e-m\libc.a(lib_a-fclose.o)
__sfvwrite_r                                      c:/program files (x86)/atmel/studio/7.0/toolchain/arm/arm-gnu-toolchain/bin/../lib/gcc/arm-none-eabi/6.2.1/../../../../arm-none-eabi/lib/thumb/v7e-m\libc.a(lib_a-fvwrite.o)
                                                  c:/program files (x86)/atmel/studio/7.0/toolchain/arm/arm-gnu-toolchain/bin/../lib/gcc/arm-none-eabi/6.2.1/../../../../arm-none-eabi/lib/thumb/v7e-m\libc.a(lib_a-vfiprintf.o)
                                                  c:/program files (x86)/atmel/studio/7.0/toolchain/arm/arm-gnu-toolchain/bin/../lib/gcc/arm-none-eabi/6.2.1/../../../../arm-none-eabi/lib/thumb/v7e-m\libc.a(lib_a-puts.o)
__sinit                                           c:/program files (x86)/atmel/studio/7.0/toolchain/arm/arm-gnu-toolchain/bin/../lib/gcc/arm-none-eabi/6.2.1/../../../../arm-none-eabi/lib/thumb/v7e-m\libc.a(lib_a-findfp.o)
                                                  c:/program files (x86)/atmel/studio/7.0/toolchain/arm/arm-gnu-toolchain/bin/../lib/gcc/arm-none-eabi/6.2.1/../../../../arm-none-eabi/lib/thumb/v7e-m\libc.a(lib_a-fclose.o)
                                                  c:/program files (x86)/atmel/studio/7.0/toolchain/arm/arm-gnu-toolchain/bin/../lib/gcc/arm-none-eabi/6.2.1/../../../../arm-none-eabi/lib/thumb/v7e-m\libc.a(lib_a-wbuf.o)
                                                  c:/program files (x86)/atmel/studio/7.0/toolchain/arm/arm-gnu-toolchain/bin/../lib/gcc/arm-none-eabi/6.2.1/../../../../arm-none-eabi/lib/thumb/v7e-m\libc.a(lib_a-fputwc.o)
                                                  c:/program files (x86)/atmel/studio/7.0/toolchain/arm/arm-gnu-toolchain/bin/../lib/gcc/arm-none-eabi/6.2.1/../../../../arm-none-eabi/lib/thumb/v7e-m\libc.a(lib_a-fflush.o)
                                                  c:/program files (x86)/atmel/studio/7.0/toolchain/arm/arm-gnu-toolchain/bin/../lib/gcc/arm-none-eabi/6.2.1/../../../../arm-none-eabi/lib/thumb/v7e-m\libc.a(lib_a-wsetup.o)
                                                  c:/program files (x86)/atmel/studio/7.0/toolchain/arm/arm-gnu-toolchain/bin/../lib/gcc/arm-none-eabi/6.2.1/../../../../arm-none-eabi/lib/thumb/v7e-m\libc.a(lib_a-vfiprintf.o)
                                                  c:/program files (x86)/atmel/studio/7.0/toolchain/arm/arm-gnu-toolchain/bin/../lib/gcc/arm-none-eabi/6.2.1/../../../../arm-none-eabi/lib/thumb/v7e-m\libc.a(lib_a-puts.o)
__sinit_lock_acquire                              c:/program files (x86)/atmel/studio/7.0/toolchain/arm/arm-gnu-toolchain/bin/../lib/gcc/arm-none-eabi/6.2.1/../../../../arm-none-eabi/lib/thumb/v7e-m\libc.a(lib_a-findfp.o)
__sinit_lock_release                              c:/program files (x86)/atmel/studio/7.0/toolchain/arm/arm-gnu-toolchain/bin/../lib/gcc/arm-none-eabi/6.2.1/../../../../arm-none-eabi/lib/thumb/v7e-m\libc.a(lib_a-findfp.o)
__smakebuf_r                                      c:/program files (x86)/atmel/studio/7.0/toolchain/arm/arm-gnu-toolchain/bin/../lib/gcc/arm-none-eabi/6.2.1/../../../../arm-none-eabi/lib/thumb/v7e-m\libc.a(lib_a-makebuf.o)
                                                  c:/program files (x86)/atmel/studio/7.0/toolchain/arm/arm-gnu-toolchain/bin/../lib/gcc/arm-none-eabi/6.2.1/../../../../arm-none-eabi/lib/thumb/v7e-m\libc.a(lib_a-wsetup.o)
__sprint_r                                        c:/program files (x86)/atmel/studio/7.0/toolchain/arm/arm-gnu-toolchain/bin/../lib/gcc/arm-none-eabi/6.2.1/../../../../arm-none-eabi/lib/thumb/v7e-m\libc.a(lib_a-vfiprintf.o)
__sread                                           c:/program files (x86)/atmel/studio/7.0/toolchain/arm/arm-gnu-toolchain/bin/../lib/gcc/arm-none-eabi/6.2.1/../../../../arm-none-eabi/lib/thumb/v7e-m\libc.a(lib_a-stdio.o)
                                                  c:/program files (x86)/atmel/studio/7.0/toolchain/arm/arm-gnu-toolchain/bin/../lib/gcc/arm-none-eabi/6.2.1/../../../../arm-none-eabi/lib/thumb/v7e-m\libc.a(lib_a-findfp.o)
__sseek                                           c:/program files (x86)/atmel/studio/7.0/toolchain/arm/arm-gnu-toolchain/bin/../lib/gcc/arm-none-eabi/6.2.1/../../../../arm-none-eabi/lib/thumb/v7e-m\libc.a(lib_a-stdio.o)
                                                  c:/program files (x86)/atmel/studio/7.0/toolchain/arm/arm-gnu-toolchain/bin/../lib/gcc/arm-none-eabi/6.2.1/../../../../arm-none-eabi/lib/thumb/v7e-m\libc.a(lib_a-findfp.o)
__stack                                           c:/program files (x86)/atmel/studio/7.0/toolchain/arm/arm-gnu-toolchain/bin/../lib/gcc/arm-none-eabi/6.2.1/../../../../arm-none-eabi/lib/thumb/v7e-m/crt0.o
__subdf3                                          c:/program files (x86)/atmel/studio/7.0/toolchain/arm/arm-gnu-toolchain/bin/../lib/gcc/arm-none-eabi/6.2.1/thumb/v7e-m\libgcc.a(_arm_addsubdf3.o)
__swbuf                                           c:/program files (x86)/atmel/studio/7.0/toolchain/arm/arm-gnu-toolchain/bin/../lib/gcc/arm-none-eabi/6.2.1/../../../../arm-none-eabi/lib/thumb/v7e-m\libc.a(lib_a-wbuf.o)
__swbuf_r                                         c:/program files (x86)/atmel/studio/7.0/toolchain/arm/arm-gnu-toolchain/bin/../lib/gcc/arm-none-eabi/6.2.1/../../../../arm-none-eabi/lib/thumb/v7e-m\libc.a(lib_a-wbuf.o)
                                                  c:/program files (x86)/atmel/studio/7.0/toolchain/arm/arm-gnu-toolchain/bin/../lib/gcc/arm-none-eabi/6.2.1/../../../../arm-none-eabi/lib/thumb/v7e-m\libc.a(lib_a-fputwc.o)
__swhatbuf_r                                      c:/program files (x86)/atmel/studio/7.0/toolchain/arm/arm-gnu-toolchain/bin/../lib/gcc/arm-none-eabi/6.2.1/../../../../arm-none-eabi/lib/thumb/v7e-m\libc.a(lib_a-makebuf.o)
__swrite                                          c:/program files (x86)/atmel/studio/7.0/toolchain/arm/arm-gnu-toolchain/bin/../lib/gcc/arm-none-eabi/6.2.1/../../../../arm-none-eabi/lib/thumb/v7e-m\libc.a(lib_a-stdio.o)
                                                  c:/program files (x86)/atmel/studio/7.0/toolchain/arm/arm-gnu-toolchain/bin/../lib/gcc/arm-none-eabi/6.2.1/../../../../arm-none-eabi/lib/thumb/v7e-m\libc.a(lib_a-findfp.o)
__swsetup_r                                       c:/program files (x86)/atmel/studio/7.0/toolchain/arm/arm-gnu-toolchain/bin/../lib/gcc/arm-none-eabi/6.2.1/../../../../arm-none-eabi/lib/thumb/v7e-m\libc.a(lib_a-wsetup.o)
                                                  c:/program files (x86)/atmel/studio/7.0/toolchain/arm/arm-gnu-toolchain/bin/../lib/gcc/arm-none-eabi/6.2.1/../../../../arm-none-eabi/lib/thumb/v7e-m\libc.a(lib_a-wbuf.o)
                                                  c:/program files (x86)/atmel/studio/7.0/toolchain/arm/arm-gnu-toolchain/bin/../lib/gcc/arm-none-eabi/6.2.1/../../../../arm-none-eabi/lib/thumb/v7e-m\libc.a(lib_a-fvwrite.o)
                                                  c:/program files (x86)/atmel/studio/7.0/toolchain/arm/arm-gnu-toolchain/bin/../lib/gcc/arm-none-eabi/6.2.1/../../../../arm-none-eabi/lib/thumb/v7e-m\libc.a(lib_a-vfiprintf.o)